################################################################################
#                                                                              #
#      IAR Universal Linker V5.3.2.26                                          #
#                                                                              #
#           Link time     =  22/May/2013  12:27:40                             #
#           Target CPU    =  MSP430                                            #
#           List file     =  C:\Users\Seb\Documents\GitHub\ProjetBluetooth\Tel #
#                            ecommande\Soft\Debug\List\tlcmdBltth.map          #
#           Output file 1 =  C:\Users\Seb\Documents\GitHub\ProjetBluetooth\Tel #
#                            ecommande\Soft\Debug\Exe\tlcmdBltth.d43           #
#                            Format: debug                                     #
#                            UBROF version 10.0.6                              #
#                            Using library modules for C-SPY (-rt)             #
#           Command line  =  C:\Users\Seb\Documents\GitHub\ProjetBluetooth\Tel #
#                            ecommande\Soft\Debug\Obj\adc.r43                  #
#                            C:\Users\Seb\Documents\GitHub\ProjetBluetooth\Tel #
#                            ecommande\Soft\Debug\Obj\jstck.r43                #
#                            C:\Users\Seb\Documents\GitHub\ProjetBluetooth\Tel #
#                            ecommande\Soft\Debug\Obj\lcd.r43                  #
#                            C:\Users\Seb\Documents\GitHub\ProjetBluetooth\Tel #
#                            ecommande\Soft\Debug\Obj\led.r43                  #
#                            C:\Users\Seb\Documents\GitHub\ProjetBluetooth\Tel #
#                            ecommande\Soft\Debug\Obj\main_tlcmdBltth.r43      #
#                            C:\Users\Seb\Documents\GitHub\ProjetBluetooth\Tel #
#                            ecommande\Soft\Debug\Obj\system.r43               #
#                            C:\Users\Seb\Documents\GitHub\ProjetBluetooth\Tel #
#                            ecommande\Soft\Debug\Obj\tlcmdBltth.r43           #
#                            C:\Users\Seb\Documents\GitHub\ProjetBluetooth\Tel #
#                            ecommande\Soft\Debug\Obj\uart.r43                 #
#                            C:\Users\Seb\Documents\GitHub\ProjetBluetooth\Tel #
#                            ecommande\Soft\Debug\Obj\utils.r43                #
#                            -o                                                #
#                            C:\Users\Seb\Documents\GitHub\ProjetBluetooth\Tel #
#                            ecommande\Soft\Debug\Exe\tlcmdBltth.d43           #
#                            -l                                                #
#                            C:\Users\Seb\Documents\GitHub\ProjetBluetooth\Tel #
#                            ecommande\Soft\Debug\List\tlcmdBltth.map          #
#                            -xms                                              #
#                            "-IC:\Program Files\IAR Systems\Embedded Workbenc #
#                            h 6.4 Kickstart\430\LIB\"                         #
#                            -f                                                #
#                            "C:\Program Files\IAR Systems\Embedded Workbench  #
#                            6.4 Kickstart\430\CONFIG\lnk430F169.xcl"          #
#                            (-cmsp430 -QCODE_I=CODE_ID                        #
#                            -Z(DATA)DATA16_I,DATA16_Z,DATA16_N,TLS16_I,DATA16 #
#                            _HEAP+_DATA16_HEAP_SIZE=0200-09FF                 #
#                            -Z(DATA)CODE_I -Z(DATA)CSTACK+_STACK_SIZE#        #
#                            -Z(CONST)INFO=1000-10FF                           #
#                            -Z(CONST)INFOA=1080-10FF                          #
#                            -Z(CONST)INFOB=1000-107F                          #
#                            -Z(CONST)DATA16_C,DATA16_ID,TLS16_ID,DIFUNCT,CHEC #
#                            KSUM=1100-FFDF                                    #
#                            -Z(CODE)CSTART,ISR_CODE,CODE_ID=1100-FFDF         #
#                            -P(CODE)CODE=1100-FFDF -Z(CODE)INTVEC=FFE0-FFFF   #
#                            -Z(CODE)RESET=FFFE-FFFF) -f                       #
#                            "C:\Program Files\IAR Systems\Embedded Workbench  #
#                            6.4 Kickstart\430\config\multiplier.xcl"          #
#                            (-e?Mul8Hw=?Mul8 -e?Mul16Hw=?Mul16                #
#                            -e?Mul16to32uHw=?Mul16to32u                       #
#                            -e?Mul16to32sHw=?Mul16to32s -e?Mul32Hw=?Mul32     #
#                            -e_Mul64iHw=_Mul64i                               #
#                            -e_Mul32u32uto64iHw=_Mul32u32uto64i               #
#                            -e?Mul32fHw=_Mul32f -e_Mul64fHwPtr=_Mul64fPtr)    #
#                            -D_STACK_SIZE=50 -rt                              #
#                            "C:\Program Files\IAR Systems\Embedded Workbench  #
#                            6.4 Kickstart\430\LIB\DLIB\dl430fn.r43"           #
#                            -e_PrintfLarge=_Printf -e_ScanfLarge=_Scanf       #
#                            -D_DATA16_HEAP_SIZE=50 -s __program_start         #
#                            -D_DATA20_HEAP_SIZE=50                            #
#                                                                              #
#                           Copyright (C) 1987-2012 IAR Systems AB.            #
################################################################################





                ****************************************
                *                                      *
                *           CROSS REFERENCE            *
                *                                      *
                ****************************************

       Program entry at :           12FC  Relocatable, from module : ?cstart




                ****************************************
                *                                      *
                *            RUNTIME MODEL             *
                *                                      *
                ****************************************

  __Heap_Handler             = Basic
  __SystemLibrary            = DLib
  __core                     = 430
  __dlib_file_descriptor     = 0
  __dlib_full_locale_support = 0
  __double_size              = 32
  __pic                      = no
  __reg_r4                   = free
  __reg_r5                   = free
  __rt_version               = 3

                ****************************************
                *                                      *
                *    AUTOMATIC SYMBOL REDIRECTIONS     *
                *                                      *
                ****************************************

                  There are no automatic symbol redirections.



                ****************************************
                *                                      *
                *              MODULE MAP              *
                *                                      *
                ****************************************


  DEFINED ABSOLUTE ENTRIES
    *************************************************************************

  DEFINED ABSOLUTE ENTRIES
  PROGRAM MODULE, NAME : ?ABS_ENTRY_MOD

Absolute parts
           ENTRY                   ADDRESS         REF BY
           =====                   =======         ======
           _DATA20_HEAP_SIZE       0050 
           _DATA16_HEAP_SIZE       0050 
           _STACK_SIZE             0050 
    *************************************************************************

  FILE NAME : C:\Users\Seb\Documents\GitHub\ProjetBluetooth\Telecommande\Soft\Debug\Obj\adc.r43
  PROGRAM MODULE, NAME : adc

  SEGMENTS IN THE MODULE
  ======================
DATA16_AN
  Relative segment, address: 01A0 - 01A1 (0x2 bytes), align: 0
  Segment part 1. ROOT.       Intra module refs:   adc_init
                                                   adc_read_ADC0
                                                   adc_read_ADC1
                                                   adc_read_ADC2
           ENTRY                   ADDRESS         REF BY
           =====                   =======         ======
           _A_ADC12CTL0            01A0 
           LOCAL                   ADDRESS         
           =====                   =======         
           ADC12CTL0               01A0 
           ADC12CTL0_bit           01A0 
    -------------------------------------------------------------------------
DATA16_AN
  Relative segment, address: 01A2 - 01A3 (0x2 bytes), align: 0
  Segment part 2. ROOT.       Intra module refs:   adc_init
                                                   adc_read_ADC0
                                                   adc_read_ADC1
                                                   adc_read_ADC2
           ENTRY                   ADDRESS         REF BY
           =====                   =======         ======
           _A_ADC12CTL1            01A2 
           LOCAL                   ADDRESS         
           =====                   =======         
           ADC12CTL1               01A2 
           ADC12CTL1_bit           01A2 
    -------------------------------------------------------------------------
DATA16_AN
  Relative segment, address: 01A4 - 01A5 (0x2 bytes), align: 0
  Segment part 3. ROOT.       Intra module refs:   adc_read_ADC0
                                                   adc_read_ADC1
                                                   adc_read_ADC2
           ENTRY                   ADDRESS         REF BY
           =====                   =======         ======
           ADC12IFG                01A4 
    -------------------------------------------------------------------------
DATA16_AN
  Relative segment, address: 0140 - 0141 (0x2 bytes), align: 0
  Segment part 4. ROOT.       Intra module refs:   adc_read_ADC0
                                                   adc_read_ADC1
                                                   adc_read_ADC2
           ENTRY                   ADDRESS         REF BY
           =====                   =======         ======
           ADC12MEM0               0140 
    -------------------------------------------------------------------------
DATA16_AN
  Relative segment, address: 0080 - 0080 (0x1 bytes), align: 0
  Segment part 5. ROOT.       Intra module refs:   adc_init
                                                   adc_read_ADC0
                                                   adc_read_ADC1
                                                   adc_read_ADC2
           ENTRY                   ADDRESS         REF BY
           =====                   =======         ======
           _A_ADC12MCTL0           0080 
           LOCAL                   ADDRESS         
           =====                   =======         
           ADC12MCTL0              0080 
           ADC12MCTL0_bit          0080 
    -------------------------------------------------------------------------
<CODE> 1 (was CODE)
  Relative segment, address: 1E8A - 1E9B (0x12 bytes), align: 1
  Segment part 10.
           ENTRY                   ADDRESS         REF BY
           =====                   =======         ======
           adc_init                1E8A            main (main_tlcmdBltth)
               CSTACK = 00000000 ( 00000002 )
    -------------------------------------------------------------------------
<CODE> 1 (was CODE)
  Relative segment, address: 1C26 - 1C51 (0x2c bytes), align: 1
  Segment part 9.
           ENTRY                   ADDRESS         REF BY
           =====                   =======         ======
           adc_read_ADC0           1C26            tlcmdBltth_go (tlcmdBltth)
               CSTACK = 00000000 ( 00000002 )
    -------------------------------------------------------------------------
<CODE> 1 (was CODE)
  Relative segment, address: 1CD4 - 1CFD (0x2a bytes), align: 1
  Segment part 8.
           ENTRY                   ADDRESS         REF BY
           =====                   =======         ======
           adc_read_ADC1           1CD4            tlcmdBltth_go (tlcmdBltth)
               CSTACK = 00000000 ( 00000002 )
    -------------------------------------------------------------------------
<CODE> 1 (was CODE)
  Relative segment, address: 1CAA - 1CD3 (0x2a bytes), align: 1
  Segment part 7.
           ENTRY                   ADDRESS         REF BY
           =====                   =======         ======
           adc_read_ADC2           1CAA            tlcmdBltth_go (tlcmdBltth)
               CSTACK = 00000000 ( 00000002 )

    *************************************************************************

  FILE NAME : C:\Users\Seb\Documents\GitHub\ProjetBluetooth\Telecommande\Soft\Debug\Obj\jstck.r43
  PROGRAM MODULE, NAME : jstck

  SEGMENTS IN THE MODULE
  ======================
DATA16_AN
  Relative segment, address: 0022 - 0022 (0x1 bytes), align: 0
  Segment part 1. ROOT.       Intra module refs:   jstck_init
                                                   led_init (led)
           ENTRY                   ADDRESS         REF BY
           =====                   =======         ======
           _A_P1DIR                0022 
           LOCAL                   ADDRESS         
           =====                   =======         
           P1DIR                   0022 
           P1DIR_bit               0022 
    -------------------------------------------------------------------------
DATA16_AN
  Relative segment, address: 0023 - 0023 (0x1 bytes), align: 0
  Segment part 2. ROOT.       Intra module refs:   inter_jstck1
           ENTRY                   ADDRESS         REF BY
           =====                   =======         ======
           _A_P1IFG                0023 
           LOCAL                   ADDRESS         
           =====                   =======         
           P1IFG                   0023 
           P1IFG_bit               0023 
    -------------------------------------------------------------------------
DATA16_AN
  Relative segment, address: 0024 - 0024 (0x1 bytes), align: 0
  Segment part 3. ROOT.       Intra module refs:   jstck_init
           ENTRY                   ADDRESS         REF BY
           =====                   =======         ======
           _A_P1IES                0024 
           LOCAL                   ADDRESS         
           =====                   =======         
           P1IES                   0024 
           P1IES_bit               0024 
    -------------------------------------------------------------------------
DATA16_AN
  Relative segment, address: 0025 - 0025 (0x1 bytes), align: 0
  Segment part 4. ROOT.       Intra module refs:   jstck_init
           ENTRY                   ADDRESS         REF BY
           =====                   =======         ======
           _A_P1IE                 0025 
           LOCAL                   ADDRESS         
           =====                   =======         
           P1IE                    0025 
           P1IE_bit                0025 
    -------------------------------------------------------------------------
DATA16_AN
  Relative segment, address: 0026 - 0026 (0x1 bytes), align: 0
  Segment part 5. ROOT.       Intra module refs:   jstck_init
           ENTRY                   ADDRESS         REF BY
           =====                   =======         ======
           _A_P1SEL                0026 
           LOCAL                   ADDRESS         
           =====                   =======         
           P1SEL                   0026 
           P1SEL_bit               0026 
    -------------------------------------------------------------------------
DATA16_AN
  Relative segment, address: 002A - 002A (0x1 bytes), align: 0
  Segment part 6. ROOT.       Intra module refs:   jstck_init
           ENTRY                   ADDRESS         REF BY
           =====                   =======         ======
           _A_P2DIR                002A 
           LOCAL                   ADDRESS         
           =====                   =======         
           P2DIR                   002A 
           P2DIR_bit               002A 
    -------------------------------------------------------------------------
DATA16_AN
  Relative segment, address: 002B - 002B (0x1 bytes), align: 0
  Segment part 7. ROOT.       Intra module refs:   interr_jstck2
           ENTRY                   ADDRESS         REF BY
           =====                   =======         ======
           _A_P2IFG                002B 
           LOCAL                   ADDRESS         
           =====                   =======         
           P2IFG                   002B 
           P2IFG_bit               002B 
    -------------------------------------------------------------------------
DATA16_AN
  Relative segment, address: 002C - 002C (0x1 bytes), align: 0
  Segment part 8. ROOT.       Intra module refs:   jstck_init
           ENTRY                   ADDRESS         REF BY
           =====                   =======         ======
           _A_P2IES                002C 
           LOCAL                   ADDRESS         
           =====                   =======         
           P2IES                   002C 
           P2IES_bit               002C 
    -------------------------------------------------------------------------
DATA16_AN
  Relative segment, address: 002D - 002D (0x1 bytes), align: 0
  Segment part 9. ROOT.       Intra module refs:   jstck_init
           ENTRY                   ADDRESS         REF BY
           =====                   =======         ======
           _A_P2IE                 002D 
           LOCAL                   ADDRESS         
           =====                   =======         
           P2IE                    002D 
           P2IE_bit                002D 
    -------------------------------------------------------------------------
DATA16_AN
  Relative segment, address: 002E - 002E (0x1 bytes), align: 0
  Segment part 10. ROOT.      Intra module refs:   jstck_init
           ENTRY                   ADDRESS         REF BY
           =====                   =======         ======
           _A_P2SEL                002E 
           LOCAL                   ADDRESS         
           =====                   =======         
           P2SEL                   002E 
           P2SEL_bit               002E 
    -------------------------------------------------------------------------
DATA16_I
  Relative segment, address: 0200 - 0200 (0x1 bytes), align: 0
  Segment part 14.            Intra module refs:   inter_jstck1
                                                   interr_jstck2
                                                   jstck_clearDir
                                                   jstck_getDir
           ENTRY                   ADDRESS         REF BY
           =====                   =======         ======
           m_dir                   0200 
    -------------------------------------------------------------------------
<CODE> 1 (was CODE)
  Relative segment, address: 1C52 - 1C7D (0x2c bytes), align: 1
  Segment part 21.
           ENTRY                   ADDRESS         REF BY
           =====                   =======         ======
           jstck_init              1C52            main (main_tlcmdBltth)
               CSTACK = 00000000 ( 00000002 )
    -------------------------------------------------------------------------
<CODE> 1 (was CODE)
  Relative segment, address: 1ED8 - 1EE5 (0xe bytes), align: 1
  Segment part 20.
           ENTRY                   ADDRESS         REF BY
           =====                   =======         ======
           jstck_getDir            1ED8            tlcmdBltth_go (tlcmdBltth)
               CSTACK = 00000000 ( 00000002 )
    -------------------------------------------------------------------------
<CODE> 1 (was CODE)
  Relative segment, address: 1F18 - 1F1F (0x8 bytes), align: 1
  Segment part 19.
           ENTRY                   ADDRESS         REF BY
           =====                   =======         ======
           jstck_clearDir          1F18            tlcmdBltth_go (tlcmdBltth)
               CSTACK = 00000000 ( 00000002 )
    -------------------------------------------------------------------------
<CODE> 1 (was CODE)
  Relative segment, address: 1B7E - 1BC1 (0x44 bytes), align: 1
  Segment part 17.            Intra module refs:   inter_jstck1::??INTVEC 8
           ENTRY                   ADDRESS         REF BY
           =====                   =======         ======
           inter_jstck1            1B7E 
               interrupt function
               CSTACK = 00000000 ( 00000004 )
    -------------------------------------------------------------------------
<CODE> 1 (was CODE)
  Relative segment, address: 1E42 - 1E53 (0x12 bytes), align: 1
  Segment part 16.            Intra module refs:   interr_jstck2::??INTVEC 2
           ENTRY                   ADDRESS         REF BY
           =====                   =======         ======
           interr_jstck2           1E42 
               interrupt function
               CSTACK = 00000000 ( 00000004 )
    -------------------------------------------------------------------------
INTVEC
  Common segment, address: FFE0 - FFE3 (0x4 bytes), align: 1
  Segment part 11. ROOT.
           ENTRY                   ADDRESS         REF BY
           =====                   =======         ======
           interr_jstck2::??INTVEC 2
                                   FFE2 
    -------------------------------------------------------------------------
INTVEC
  Common segment, address: FFE0 - FFE9 (0xa bytes), align: 1
  Segment part 12. ROOT.
           ENTRY                   ADDRESS         REF BY
           =====                   =======         ======
           inter_jstck1::??INTVEC 8
                                   FFE8 
    -------------------------------------------------------------------------
DATA16_ID
  Relative segment, address: 12FA - 12FA (0x1 bytes), align: 0
  Segment part 15.            Intra module refs:   m_dir

    *************************************************************************

  FILE NAME : C:\Users\Seb\Documents\GitHub\ProjetBluetooth\Telecommande\Soft\Debug\Obj\lcd.r43
  PROGRAM MODULE, NAME : lcd

  SEGMENTS IN THE MODULE
  ======================
DATA16_C
  Relative segment, address: 1100 - 12D5 (0x1d6 bytes), align: 0
  Segment part 15.            Intra module refs:   lcd_putc
           LOCAL                   ADDRESS         
           =====                   =======         
           FontLookup              1100 
    -------------------------------------------------------------------------
DATA16_AN
  Relative segment, address: 0004 - 0004 (0x1 bytes), align: 0
  Segment part 1. ROOT.       Intra module refs:   lcd_init
           ENTRY                   ADDRESS         REF BY
           =====                   =======         ======
           _A_ME1                  0004 
           LOCAL                   ADDRESS         
           =====                   =======         
           ME1                     0004 
           ME1_bit                 0004 
    -------------------------------------------------------------------------
DATA16_AN
  Relative segment, address: 0005 - 0005 (0x1 bytes), align: 0
  Segment part 2. ROOT.       Intra module refs:   lcd_init
           ENTRY                   ADDRESS         REF BY
           =====                   =======         ======
           _A_ME2                  0005 
           LOCAL                   ADDRESS         
           =====                   =======         
           ME2                     0005 
           ME2_bit                 0005 
    -------------------------------------------------------------------------
DATA16_AN
  Relative segment, address: 0019 - 0019 (0x1 bytes), align: 0
  Segment part 3. ROOT.       Intra module refs:   lcd_init
                                                   lcd_send
           ENTRY                   ADDRESS         REF BY
           =====                   =======         ======
           _A_P3OUT                0019 
           LOCAL                   ADDRESS         
           =====                   =======         
           P3OUT                   0019 
           P3OUT_bit               0019 
    -------------------------------------------------------------------------
DATA16_AN
  Relative segment, address: 001A - 001A (0x1 bytes), align: 0
  Segment part 4. ROOT.       Intra module refs:   lcd_init
                                                   uart_setup (uart)
           ENTRY                   ADDRESS         REF BY
           =====                   =======         ======
           _A_P3DIR                001A 
           LOCAL                   ADDRESS         
           =====                   =======         
           P3DIR                   001A 
           P3DIR_bit               001A 
    -------------------------------------------------------------------------
DATA16_AN
  Relative segment, address: 001B - 001B (0x1 bytes), align: 0
  Segment part 5. ROOT.       Intra module refs:   lcd_init
                                                   uart_setup (uart)
           ENTRY                   ADDRESS         REF BY
           =====                   =======         ======
           _A_P3SEL                001B 
           LOCAL                   ADDRESS         
           =====                   =======         
           P3SEL                   001B 
           P3SEL_bit               001B 
    -------------------------------------------------------------------------
DATA16_AN
  Relative segment, address: 0031 - 0031 (0x1 bytes), align: 0
  Segment part 6. ROOT.       Intra module refs:   lcd_init
           ENTRY                   ADDRESS         REF BY
           =====                   =======         ======
           _A_P5OUT                0031 
           LOCAL                   ADDRESS         
           =====                   =======         
           P5OUT                   0031 
           P5OUT_bit               0031 
    -------------------------------------------------------------------------
DATA16_AN
  Relative segment, address: 0032 - 0032 (0x1 bytes), align: 0
  Segment part 7. ROOT.       Intra module refs:   lcd_init
           ENTRY                   ADDRESS         REF BY
           =====                   =======         ======
           _A_P5DIR                0032 
           LOCAL                   ADDRESS         
           =====                   =======         
           P5DIR                   0032 
           P5DIR_bit               0032 
    -------------------------------------------------------------------------
DATA16_AN
  Relative segment, address: 0070 - 0070 (0x1 bytes), align: 0
  Segment part 8. ROOT.       Intra module refs:   lcd_init
           ENTRY                   ADDRESS         REF BY
           =====                   =======         ======
           _A_U0CTL                0070 
           LOCAL                   ADDRESS         
           =====                   =======         
           U0CTL                   0070 
           U0CTL__I2C              0070 
           U0CTL__I2C_bit          0070 
           U0CTL_bit               0070 
    -------------------------------------------------------------------------
DATA16_AN
  Relative segment, address: 0071 - 0071 (0x1 bytes), align: 0
  Segment part 9. ROOT.       Intra module refs:   lcd_init
                                                   lcd_send
           ENTRY                   ADDRESS         REF BY
           =====                   =======         ======
           _A_U0TCTL               0071 
           LOCAL                   ADDRESS         
           =====                   =======         
           I2CTCTL                 0071 
           I2CTCTL_bit             0071 
           U0TCTL                  0071 
           U0TCTL_bit              0071 
    -------------------------------------------------------------------------
DATA16_AN
  Relative segment, address: 0073 - 0073 (0x1 bytes), align: 0
  Segment part 10. ROOT.      Intra module refs:   lcd_init
           ENTRY                   ADDRESS         REF BY
           =====                   =======         ======
           _A_U0MCTL               0073 
           LOCAL                   ADDRESS         
           =====                   =======         
           I2CPSC                  0073 
           U0MCTL                  0073 
    -------------------------------------------------------------------------
DATA16_AN
  Relative segment, address: 0074 - 0074 (0x1 bytes), align: 0
  Segment part 11. ROOT.      Intra module refs:   lcd_init
           ENTRY                   ADDRESS         REF BY
           =====                   =======         ======
           _A_U0BR0                0074 
           LOCAL                   ADDRESS         
           =====                   =======         
           I2CSCLH                 0074 
           U0BR0                   0074 
    -------------------------------------------------------------------------
DATA16_AN
  Relative segment, address: 0075 - 0075 (0x1 bytes), align: 0
  Segment part 12. ROOT.      Intra module refs:   lcd_init
           ENTRY                   ADDRESS         REF BY
           =====                   =======         ======
           _A_U0BR1                0075 
           LOCAL                   ADDRESS         
           =====                   =======         
           I2CSCLL                 0075 
           U0BR1                   0075 
    -------------------------------------------------------------------------
DATA16_AN
  Relative segment, address: 0076 - 0077 (0x2 bytes), align: 0
  Segment part 13. ROOT.      Intra module refs:   lcd_send
           ENTRY                   ADDRESS         REF BY
           =====                   =======         ======
           _A_I2CDRW               0076 
           LOCAL                   ADDRESS         
           =====                   =======         
           I2CDRB                  0076 
           I2CDRW                  0076 
           U0RXBUF                 0076 
           U0TXBUF                 0077 
    -------------------------------------------------------------------------
DATA16_Z
  Relative segment, address: 0204 - 03FB (0x1f8 bytes), align: 0
  Segment part 17.            Intra module refs:   lcd_clear
                                                   lcd_putc
                                                   lcd_update
           ENTRY                   ADDRESS         REF BY
           =====                   =======         ======
           LcdMemory               0204 
    -------------------------------------------------------------------------
<CODE> 1 (was CODE)
  Relative segment, address: 1EBC - 1EC9 (0xe bytes), align: 1
  Segment part 31.            Intra module refs:   lcd_init
           ENTRY                   ADDRESS         REF BY
           =====                   =======         ======
           Delay                   1EBC 
               CSTACK = 00000000 ( 00000002 )
    -------------------------------------------------------------------------
<CODE> 1 (was CODE)
  Relative segment, address: 1876 - 1933 (0xbe bytes), align: 1
  Segment part 32.
           ENTRY                   ADDRESS         REF BY
           =====                   =======         ======
           lcd_init                1876            main (main_tlcmdBltth)
               calls direct
               CSTACK = 00000000 ( 00000002 )
    -------------------------------------------------------------------------
<CODE> 1 (was CODE)
  Relative segment, address: 1D6E - 1D8F (0x22 bytes), align: 1
  Segment part 26.            Intra module refs:   lcd_init
                                                   lcd_setContrast
                                                   lcd_update
           ENTRY                   ADDRESS         REF BY
           =====                   =======         ======
           lcd_send                1D6E 
               CSTACK = 00000000 ( 00000002 )
    -------------------------------------------------------------------------
<CODE> 1 (was CODE)
  Relative segment, address: 1C7E - 1CA9 (0x2c bytes), align: 1
  Segment part 30.            Intra module refs:   lcd_init
           ENTRY                   ADDRESS         REF BY
           =====                   =======         ======
           lcd_update              1C7E            sendCmd (tlcmdBltth)
                                                   tlcmdBltth_go (tlcmdBltth)
               calls direct
               CSTACK = 00000000 ( 00000002 )
    -------------------------------------------------------------------------
<CODE> 1 (was CODE)
  Relative segment, address: 1E1E - 1E2F (0x12 bytes), align: 1
  Segment part 29.            Intra module refs:   lcd_init
           ENTRY                   ADDRESS         REF BY
           =====                   =======         ======
           lcd_clear               1E1E            tlcmdBltth_init (tlcmdBltth)
               CSTACK = 00000000 ( 00000002 )
    -------------------------------------------------------------------------
<CODE> 1 (was CODE)
  Relative segment, address: 1A56 - 1AD3 (0x7e bytes), align: 1
  Segment part 24.            Intra module refs:   lcd_puts
           ENTRY                   ADDRESS         REF BY
           =====                   =======         ======
           lcd_putc                1A56 
               CSTACK = 00000000 ( 0000000C )
    -------------------------------------------------------------------------
<CODE> 1 (was CODE)
  Relative segment, address: 1D4C - 1D6D (0x22 bytes), align: 1
  Segment part 27.
           ENTRY                   ADDRESS         REF BY
           =====                   =======         ======
           lcd_setContrast         1D4C            main (main_tlcmdBltth)
               calls direct
               CSTACK = 00000000 ( 00000002 )
    -------------------------------------------------------------------------
<CODE> 1 (was CODE)
  Relative segment, address: 1D26 - 1D4B (0x26 bytes), align: 1
  Segment part 25.
           ENTRY                   ADDRESS         REF BY
           =====                   =======         ======
           lcd_puts                1D26            sendCmd (tlcmdBltth)
                                                   tlcmdBltth_go (tlcmdBltth)
               calls direct
               CSTACK = 00000000 ( 00000008 )

    *************************************************************************

  FILE NAME : C:\Users\Seb\Documents\GitHub\ProjetBluetooth\Telecommande\Soft\Debug\Obj\led.r43
  PROGRAM MODULE, NAME : led

  SEGMENTS IN THE MODULE
  ======================
DATA16_AN
  Relative segment, address: 0021 - 0021 (0x1 bytes), align: 0
  Segment part 1. ROOT.       Intra module refs:   led_green_off
                                                   led_green_toggle
                                                   led_red_off
                                                   led_red_toggle
           ENTRY                   ADDRESS         REF BY
           =====                   =======         ======
           _A_P1OUT                0021 
           LOCAL                   ADDRESS         
           =====                   =======         
           P1OUT                   0021 
           P1OUT_bit               0021 
    -------------------------------------------------------------------------
<CODE> 1 (was CODE)
  Relative segment, address: 1ECA - 1ED7 (0xe bytes), align: 1
  Segment part 10.
           ENTRY                   ADDRESS         REF BY
           =====                   =======         ======
           led_init                1ECA            main (main_tlcmdBltth)
               calls direct
               CSTACK = 00000000 ( 00000002 )
    -------------------------------------------------------------------------
<CODE> 1 (was CODE)
  Relative segment, address: 1F20 - 1F27 (0x8 bytes), align: 1
  Segment part 8.             Intra module refs:   led_init
           ENTRY                   ADDRESS         REF BY
           =====                   =======         ======
           led_green_off           1F20 
               calls direct
               CSTACK = 00000000 ( 00000002 )
    -------------------------------------------------------------------------
<CODE> 1 (was CODE)
  Relative segment, address: 1F30 - 1F35 (0x6 bytes), align: 1
  Segment part 7.             Intra module refs:   led_green_off
           ENTRY                   ADDRESS         REF BY
           =====                   =======         ======
           led_green_toggle        1F30 
               CSTACK = 00000000 ( 00000002 )
    -------------------------------------------------------------------------
<CODE> 1 (was CODE)
  Relative segment, address: 1EFE - 1F07 (0xa bytes), align: 1
  Segment part 5.             Intra module refs:   led_init
           ENTRY                   ADDRESS         REF BY
           =====                   =======         ======
           led_red_off             1EFE 
               calls direct
               CSTACK = 00000000 ( 00000002 )
    -------------------------------------------------------------------------
<CODE> 1 (was CODE)
  Relative segment, address: 1F08 - 1F0F (0x8 bytes), align: 1
  Segment part 4.             Intra module refs:   led_red_off
           ENTRY                   ADDRESS         REF BY
           =====                   =======         ======
           led_red_toggle          1F08 
               CSTACK = 00000000 ( 00000002 )

    *************************************************************************

  FILE NAME : C:\Users\Seb\Documents\GitHub\ProjetBluetooth\Telecommande\Soft\Debug\Obj\main_tlcmdBltth.r43
  PROGRAM MODULE, NAME : main_tlcmdBltth

  SEGMENTS IN THE MODULE
  ======================
<CODE> 1 (was CODE)
  Relative segment, address: 1BF6 - 1C25 (0x30 bytes), align: 1
  Segment part 2.
           ENTRY                   ADDRESS         REF BY
           =====                   =======         ======
           main                    1BF6            Segment part 17 (?cstart)
               calls direct
               CSTACK = 00000000 ( 00000002 )

    *************************************************************************

  FILE NAME : C:\Users\Seb\Documents\GitHub\ProjetBluetooth\Telecommande\Soft\Debug\Obj\system.r43
  PROGRAM MODULE, NAME : system

  SEGMENTS IN THE MODULE
  ======================
DATA16_AN
  Relative segment, address: 0120 - 0121 (0x2 bytes), align: 0
  Segment part 1. ROOT.       Intra module refs:   board_init
           ENTRY                   ADDRESS         REF BY
           =====                   =======         ======
           _A_WDTCTL               0120 
           LOCAL                   ADDRESS         
           =====                   =======         
           WDTCTL                  0120 
           WDTCTL_bit              0120 
    -------------------------------------------------------------------------
DATA16_AN
  Relative segment, address: 0056 - 0056 (0x1 bytes), align: 0
  Segment part 2. ROOT.       Intra module refs:   board_init
           ENTRY                   ADDRESS         REF BY
           =====                   =======         ======
           _A_DCOCTL               0056 
           LOCAL                   ADDRESS         
           =====                   =======         
           DCOCTL                  0056 
           DCOCTL_bit              0056 
    -------------------------------------------------------------------------
DATA16_AN
  Relative segment, address: 0057 - 0057 (0x1 bytes), align: 0
  Segment part 3. ROOT.       Intra module refs:   board_init
           ENTRY                   ADDRESS         REF BY
           =====                   =======         ======
           _A_BCSCTL1              0057 
           LOCAL                   ADDRESS         
           =====                   =======         
           BCSCTL1                 0057 
           BCSCTL1_bit             0057 
    -------------------------------------------------------------------------
DATA16_AN
  Relative segment, address: 0058 - 0058 (0x1 bytes), align: 0
  Segment part 4. ROOT.       Intra module refs:   board_init
           ENTRY                   ADDRESS         REF BY
           =====                   =======         ======
           _A_BCSCTL2              0058 
           LOCAL                   ADDRESS         
           =====                   =======         
           BCSCTL2                 0058 
           BCSCTL2_bit             0058 
    -------------------------------------------------------------------------
<CODE> 1 (was CODE)
  Relative segment, address: 1DC4 - 1DDB (0x18 bytes), align: 1
  Segment part 7.
           ENTRY                   ADDRESS         REF BY
           =====                   =======         ======
           board_init              1DC4            main (main_tlcmdBltth)
               CSTACK = 00000000 ( 00000002 )

    *************************************************************************

  FILE NAME : C:\Users\Seb\Documents\GitHub\ProjetBluetooth\Telecommande\Soft\Debug\Obj\tlcmdBltth.r43
  PROGRAM MODULE, NAME : tlcmdBltth

  SEGMENTS IN THE MODULE
  ======================
DATA16_Z
  Relative segment, address: 03FC - 03FC (0x1 bytes), align: 0
  Segment part 6.             Intra module refs:   tlcmdBltth_go
                                                   tlcmdBltth_init
           ENTRY                   ADDRESS         REF BY
           =====                   =======         ======
           screen                  03FC 
    -------------------------------------------------------------------------
<CODE> 1 (was CODE)
  Relative segment, address: 1F10 - 1F17 (0x8 bytes), align: 1
  Segment part 10.
           ENTRY                   ADDRESS         REF BY
           =====                   =======         ======
           tlcmdBltth_init         1F10            main (main_tlcmdBltth)
               calls direct
               CSTACK = 00000000 ( 00000002 )
    -------------------------------------------------------------------------
<CODE> 1 (was CODE)
  Relative segment, address: 1324 - 1521 (0x1fe bytes), align: 1
  Segment part 9.
           ENTRY                   ADDRESS         REF BY
           =====                   =======         ======
           tlcmdBltth_go           1324            main (main_tlcmdBltth)
               calls direct
               CSTACK = 00000000 ( 00000014 )
    -------------------------------------------------------------------------
<CODE> 1 (was CODE)
  Relative segment, address: 17B4 - 1875 (0xc2 bytes), align: 1
  Segment part 8.             Intra module refs:   tlcmdBltth_go
           ENTRY                   ADDRESS         REF BY
           =====                   =======         ======
           sendCmd                 17B4 
               calls direct
               CSTACK = 00000000 ( 0000001C )
    -------------------------------------------------------------------------
<CODE> 1 (was CODE)
  Relative segment, address: 1DF2 - 1E07 (0x16 bytes), align: 1
  Segment part 7.             Intra module refs:   tlcmdBltth_go
           ENTRY                   ADDRESS         REF BY
           =====                   =======         ======
           tempo_ms                1DF2 
               CSTACK = 00000000 ( 00000002 )
    -------------------------------------------------------------------------
DATA16_C
  Relative segment, address: 12D6 - 12DD (0x8 bytes), align: 0
  Segment part 2.             Intra module refs:   tlcmdBltth_go
    -------------------------------------------------------------------------
DATA16_C
  Relative segment, address: 12DE - 12E1 (0x4 bytes), align: 0
  Segment part 3.             Intra module refs:   sendCmd
    -------------------------------------------------------------------------
DATA16_C
  Relative segment, address: 12E2 - 12E5 (0x4 bytes), align: 0
  Segment part 4.             Intra module refs:   sendCmd
    -------------------------------------------------------------------------
DATA16_C
  Relative segment, address: 12E6 - 12E7 (0x2 bytes), align: 0
  Segment part 5.             Intra module refs:   sendCmd

    *************************************************************************

  FILE NAME : C:\Users\Seb\Documents\GitHub\ProjetBluetooth\Telecommande\Soft\Debug\Obj\uart.r43
  PROGRAM MODULE, NAME : uart

  SEGMENTS IN THE MODULE
  ======================
DATA16_AN
  Relative segment, address: 0001 - 0001 (0x1 bytes), align: 0
  Segment part 1. ROOT.       Intra module refs:   uart_setup
           ENTRY                   ADDRESS         REF BY
           =====                   =======         ======
           _A_IE2                  0001 
           LOCAL                   ADDRESS         
           =====                   =======         
           IE2                     0001 
           IE2_bit                 0001 
    -------------------------------------------------------------------------
DATA16_AN
  Relative segment, address: 0043 - 0043 (0x1 bytes), align: 0
  Segment part 4. ROOT.       Intra module refs:   uart_setup
           ENTRY                   ADDRESS         REF BY
           =====                   =======         ======
           _A_P3SEL2               0043 
           LOCAL                   ADDRESS         
           =====                   =======         
           P3SEL2                  0043 
           P3SEL2_bit              0043 
    -------------------------------------------------------------------------
DATA16_AN
  Relative segment, address: 0060 - 0060 (0x1 bytes), align: 0
  Segment part 5. ROOT.       Intra module refs:   uart_setup
           ENTRY                   ADDRESS         REF BY
           =====                   =======         ======
           _A_UCA0CTL0             0060 
           LOCAL                   ADDRESS         
           =====                   =======         
           UCA0CTL0                0060 
           UCA0CTL0__SPI           0060 
           UCA0CTL0__SPI_bit       0060 
           UCA0CTL0_bit            0060 
    -------------------------------------------------------------------------
DATA16_AN
  Relative segment, address: 0061 - 0061 (0x1 bytes), align: 0
  Segment part 6. ROOT.       Intra module refs:   uart_setup
           ENTRY                   ADDRESS         REF BY
           =====                   =======         ======
           _A_UCA0CTL1             0061 
           LOCAL                   ADDRESS         
           =====                   =======         
           UCA0CTL1                0061 
           UCA0CTL1__SPI           0061 
           UCA0CTL1__SPI_bit       0061 
           UCA0CTL1_bit            0061 
    -------------------------------------------------------------------------
DATA16_AN
  Relative segment, address: 0062 - 0062 (0x1 bytes), align: 0
  Segment part 7. ROOT.       Intra module refs:   uart_setup
           ENTRY                   ADDRESS         REF BY
           =====                   =======         ======
           _A_UCA0BR0              0062 
           LOCAL                   ADDRESS         
           =====                   =======         
           UCA0BR0                 0062 
           UCA0BR0__SPI            0062 
    -------------------------------------------------------------------------
DATA16_AN
  Relative segment, address: 0063 - 0063 (0x1 bytes), align: 0
  Segment part 8. ROOT.       Intra module refs:   uart_setup
           ENTRY                   ADDRESS         REF BY
           =====                   =======         ======
           _A_UCA0BR1              0063 
           LOCAL                   ADDRESS         
           =====                   =======         
           UCA0BR1                 0063 
           UCA0BR1__SPI            0063 
    -------------------------------------------------------------------------
DATA16_AN
  Relative segment, address: 0065 - 0065 (0x1 bytes), align: 0
  Segment part 9. ROOT.       Intra module refs:   uart_putc
           ENTRY                   ADDRESS         REF BY
           =====                   =======         ======
           _A_UCA0STAT             0065 
           LOCAL                   ADDRESS         
           =====                   =======         
           UCA0STAT                0065 
           UCA0STAT__SPI           0065 
           UCA0STAT__SPI_bit       0065 
           UCA0STAT_bit            0065 
    -------------------------------------------------------------------------
DATA16_AN
  Relative segment, address: 0066 - 0066 (0x1 bytes), align: 0
  Segment part 10. ROOT.      Intra module refs:   USCI0RX_ISR
           ENTRY                   ADDRESS         REF BY
           =====                   =======         ======
           _A_UCA0RXBUF            0066 
           LOCAL                   ADDRESS         
           =====                   =======         
           UCA0RXBUF               0066 
           UCA0RXBUF__SPI          0066 
    -------------------------------------------------------------------------
DATA16_AN
  Relative segment, address: 0067 - 0067 (0x1 bytes), align: 0
  Segment part 11. ROOT.      Intra module refs:   uart_putc
           ENTRY                   ADDRESS         REF BY
           =====                   =======         ======
           _A_UCA0TXBUF            0067 
           LOCAL                   ADDRESS         
           =====                   =======         
           UCA0TXBUF               0067 
           UCA0TXBUF__SPI          0067 
    -------------------------------------------------------------------------
DATA16_Z
  Relative segment, address: 0202 - 0203 (0x2 bytes), align: 1
  Segment part 16.            Intra module refs:   USCI0RX_ISR
                                                   WDT_ISR
                                                   uart_setup
           ENTRY                   ADDRESS         REF BY
           =====                   =======         ======
           rx_flag                 0202 
    -------------------------------------------------------------------------
DATA16_Z
  Relative segment, address: 03FD - 03FD (0x1 bytes), align: 0
  Segment part 17.            Intra module refs:   USCI0RX_ISR
           ENTRY                   ADDRESS         REF BY
           =====                   =======         ======
           rx_char                 03FD 
    -------------------------------------------------------------------------
<CODE> 1 (was CODE)
  Relative segment, address: 1AD4 - 1B31 (0x5e bytes), align: 1
  Segment part 27.
           ENTRY                   ADDRESS         REF BY
           =====                   =======         ======
           uart_setup              1AD4            main (main_tlcmdBltth)
               CSTACK = 00000000 ( 00000002 )
    -------------------------------------------------------------------------
<CODE> 1 (was CODE)
  Relative segment, address: 1DDC - 1DF1 (0x16 bytes), align: 1
  Segment part 25.            Intra module refs:   uart_puts
           ENTRY                   ADDRESS         REF BY
           =====                   =======         ======
           uart_putc               1DDC 
               CSTACK = 00000000 ( 00000002 )
    -------------------------------------------------------------------------
<CODE> 1 (was CODE)
  Relative segment, address: 1CFE - 1D25 (0x28 bytes), align: 1
  Segment part 26.
           ENTRY                   ADDRESS         REF BY
           =====                   =======         ======
           uart_puts               1CFE            sendCmd (tlcmdBltth)
               calls direct
               CSTACK = 00000000 ( 00000004 )
    -------------------------------------------------------------------------
<CODE> 1 (was CODE)
  Relative segment, address: 1EF2 - 1EFD (0xc bytes), align: 1
  Segment part 20.            Intra module refs:   USCI0RX_ISR::??INTVEC 14
           ENTRY                   ADDRESS         REF BY
           =====                   =======         ======
           USCI0RX_ISR             1EF2 
               interrupt function
               CSTACK = 00000000 ( 00000004 )
    -------------------------------------------------------------------------
<CODE> 1 (was CODE)
  Relative segment, address: 1F42 - 1F43 (0x2 bytes), align: 1
  Segment part 19.            Intra module refs:   USCI0TX_ISR::??INTVEC 12
           ENTRY                   ADDRESS         REF BY
           =====                   =======         ======
           USCI0TX_ISR             1F42 
               interrupt function
               CSTACK = 00000000 ( 00000004 )
    -------------------------------------------------------------------------
<CODE> 1 (was CODE)
  Relative segment, address: 1F28 - 1F2F (0x8 bytes), align: 1
  Segment part 18.            Intra module refs:   WDT_ISR::??INTVEC 20
           ENTRY                   ADDRESS         REF BY
           =====                   =======         ======
           WDT_ISR                 1F28 
               interrupt function
               CSTACK = 00000000 ( 00000004 )
    -------------------------------------------------------------------------
INTVEC
  Common segment, address: FFE0 - FFED (0xe bytes), align: 1
  Segment part 12. ROOT.
           ENTRY                   ADDRESS         REF BY
           =====                   =======         ======
           USCI0TX_ISR::??INTVEC 12
                                   FFEC 
    -------------------------------------------------------------------------
INTVEC
  Common segment, address: FFE0 - FFEF (0x10 bytes), align: 1
  Segment part 13. ROOT.
           ENTRY                   ADDRESS         REF BY
           =====                   =======         ======
           USCI0RX_ISR::??INTVEC 14
                                   FFEE 
    -------------------------------------------------------------------------
INTVEC
  Common segment, address: FFE0 - FFF5 (0x16 bytes), align: 1
  Segment part 14. ROOT.
           ENTRY                   ADDRESS         REF BY
           =====                   =======         ======
           WDT_ISR::??INTVEC 20    FFF4 

    *************************************************************************

  FILE NAME : C:\Users\Seb\Documents\GitHub\ProjetBluetooth\Telecommande\Soft\Debug\Obj\utils.r43
  PROGRAM MODULE, NAME : utils

  SEGMENTS IN THE MODULE
  ======================
DATA16_C
  Relative segment, address: 12E8 - 12F8 (0x11 bytes), align: 0
  Segment part 2.             Intra module refs:   itoa
    -------------------------------------------------------------------------
<CODE> 1 (was CODE)
  Relative segment, address: 19C6 - 1A55 (0x90 bytes), align: 1
  Segment part 6.
           ENTRY                   ADDRESS         REF BY
           =====                   =======         ======
           itoa                    19C6            sendCmd (tlcmdBltth)
               calls direct
               CSTACK = 00000000 ( 0000001E )

    *************************************************************************

  FILE NAME : C:\Program Files\IAR Systems\Embedded Workbench 6.4 Kickstart\430\LIB\DLIB\dl430fn.r43
  LIBRARY MODULE, NAME : ?__dbg_break

  SEGMENTS IN THE MODULE
  ======================
<CODE> 1 (was CODE)
  Relative segment, address: 1F44 - 1F45 (0x2 bytes), align: 1
  Segment part 2.
           ENTRY                   ADDRESS         REF BY
           =====                   =======         ======
           __DebugBreak            1F44            __exit (?__exit)

    -------------------------------------------------------------------------
  LIBRARY MODULE, NAME : ?__exit

  SEGMENTS IN THE MODULE
  ======================
<CODE> 1 (was CODE)
  Relative segment, address: 1E08 - 1E1D (0x16 bytes), align: 1
  Segment part 2.
           ENTRY                   ADDRESS         REF BY
           =====                   =======         ======
           __exit                  1E08            Segment part 6 (?_exit)
                                                   _exit (?_exit)
               calls direct

    -------------------------------------------------------------------------
  LIBRARY MODULE, NAME : ?_exit

  SEGMENTS IN THE MODULE
  ======================
<CODE> 1 (was CODE)
  Relative segment, address: 1F36, align: 1
  Segment part 0.
           ENTRY                   ADDRESS         REF BY
           =====                   =======         ======
           _exit                   1F36            exit (?exit)
    -------------------------------------------------------------------------
<CODE> 1 (was CODE)
  Relative segment, address: 1F36 - 1F39 (0x4 bytes), align: 1
  Segment part 6.             Intra module refs:   _exit

    -------------------------------------------------------------------------
  LIBRARY MODULE, NAME : ?cstart

  SEGMENTS IN THE MODULE
  ======================
CSTACK
  Relative segment, address: 09B0, align: 1
  Segment part 1.
    -------------------------------------------------------------------------
DATA16_Z
  Relative segment, address: 0204, align: 1
  Segment part 2.
    -------------------------------------------------------------------------
DATA16_I
  Relative segment, address: 0200, align: 1
  Segment part 3.
    -------------------------------------------------------------------------
DATA16_ID
  Relative segment, address: 12FA, align: 1
  Segment part 4.
    -------------------------------------------------------------------------
CSTART
  Relative segment, address: 12FC - 12FF (0x4 bytes), align: 1
  Segment part 9.
           ENTRY                   ADDRESS         REF BY
           =====                   =======         ======
           __program_start         12FC            ?reset_vector (?reset_vector)
                                                   Absolute parts (?ABS_ENTRY_MOD)
           ?cstart_begin           12FC 
    -------------------------------------------------------------------------
CSTART
  Relative segment, address: 1300 - 130B (0xc bytes), align: 1
  Segment part 12.
           ENTRY                   ADDRESS         REF BY
           =====                   =======         ======
           ?cstart_init_zero       1300            LcdMemory (lcd)
                                                   rx_char (uart)
                                                   rx_flag (uart)
                                                   screen (tlcmdBltth)
    -------------------------------------------------------------------------
CSTART
  Relative segment, address: 130C - 131B (0x10 bytes), align: 1
  Segment part 13.
           ENTRY                   ADDRESS         REF BY
           =====                   =======         ======
           ?cstart_init_copy       130C            m_dir (jstck)
    -------------------------------------------------------------------------
CSTART
  Relative segment, address: 131C - 1323 (0x8 bytes), align: 1
  Segment part 17.            Intra module refs:   Segment part 9
           ENTRY                   ADDRESS         REF BY
           =====                   =======         ======
           ?cstart_call_main       131C 
           ?cstart_end             1324 

    -------------------------------------------------------------------------
  LIBRARY MODULE, NAME : ?reset_vector

  SEGMENTS IN THE MODULE
  ======================
RESET
  Relative segment, address: FFFE - FFFF (0x2 bytes), align: 1
  Segment part 0.
           ENTRY                   ADDRESS         REF BY
           =====                   =======         ======
           ?reset_vector           FFFE            Segment part 9 (?cstart)

    -------------------------------------------------------------------------
  LIBRARY MODULE, NAME : ?Epilogue

  SEGMENTS IN THE MODULE
  ======================
<CODE> 1 (was CODE)
  Relative segment, address: 1E54 - 1E65 (0x12 bytes), align: 1
  Segment part 0.
           ENTRY                   ADDRESS         REF BY
           =====                   =======         ======
           ?Epilogue3              1E5E            lcd_puts (lcd)
           ?Epilogue4              1E5C            itoa (utils)
                                                   sendCmd (tlcmdBltth)
           ?Epilogue5              1E5A            lcd_putc (lcd)
           ?Epilogue6              1E58 
           ?Epilogue7              1E56 
           ?Epilogue8              1E54 

    -------------------------------------------------------------------------
  LIBRARY MODULE, NAME : ?exit

  SEGMENTS IN THE MODULE
  ======================
<CODE> 1 (was CODE)
  Relative segment, address: 1F3E - 1F41 (0x4 bytes), align: 1
  Segment part 2.
           ENTRY                   ADDRESS         REF BY
           =====                   =======         ======
           exit                    1F3E            Segment part 17 (?cstart)
               calls direct
               CSTACK = 00000000 ( 00000002 )

    -------------------------------------------------------------------------
  LIBRARY MODULE, NAME : ?Cast32f32i

  SEGMENTS IN THE MODULE
  ======================
<CODE> 1 (was CODE)
  Relative segment, address: 1934 - 19C5 (0x92 bytes), align: 1
  Segment part 0.
           ENTRY                   ADDRESS         REF BY
           =====                   =======         ======
           _Cast32sto32f           1934 
           _Cast32uto32f           1948            tlcmdBltth_go (tlcmdBltth)

    -------------------------------------------------------------------------
  LIBRARY MODULE, NAME : _Cast32fto32u

  SEGMENTS IN THE MODULE
  ======================
<CODE> 1 (was CODE)
  Relative segment, address: 1EE6 - 1EF1 (0xc bytes), align: 1
  Segment part 0.
           ENTRY                   ADDRESS         REF BY
           =====                   =======         ======
           _Cast32fto32u           1EE6            tlcmdBltth_go (tlcmdBltth)

    -------------------------------------------------------------------------
  LIBRARY MODULE, NAME : ?FLT_Extract

  SEGMENTS IN THE MODULE
  ======================
<CODE> 1 (was CODE)
  Relative segment, address: 1B32 - 1B7D (0x4c bytes), align: 1
  Segment part 0.
           ENTRY                   ADDRESS         REF BY
           =====                   =======         ======
           ?FLT_Extract            1B32            _Cast32fto32u (_Cast32fto32u)

    -------------------------------------------------------------------------
  LIBRARY MODULE, NAME : _Div32f

  SEGMENTS IN THE MODULE
  ======================
<CODE> 1 (was CODE)
  Relative segment, address: 1684 - 17B3 (0x130 bytes), align: 1
  Segment part 0.
           ENTRY                   ADDRESS         REF BY
           =====                   =======         ======
           _Div32f                 1684            tlcmdBltth_go (tlcmdBltth)

    -------------------------------------------------------------------------
  LIBRARY MODULE, NAME : _Add32f

  SEGMENTS IN THE MODULE
  ======================
<CODE> 1 (was CODE)
  Relative segment, address: 1522 - 1683 (0x162 bytes), align: 1
  Segment part 0.
           ENTRY                   ADDRESS         REF BY
           =====                   =======         ======
           _Add32f                 1526            tlcmdBltth_go (tlcmdBltth)
           _Sub32f                 1522 

    -------------------------------------------------------------------------
  LIBRARY MODULE, NAME : ?DivMod816u

  SEGMENTS IN THE MODULE
  ======================
<CODE> 1 (was CODE)
  Relative segment, address: 1D90 - 1DAB (0x1c bytes), align: 1
  Segment part 0.
           ENTRY                   ADDRESS         REF BY
           =====                   =======         ======
           ?DivMod8u               1D90 
           ?DivMod16u              1D94            Segment part 0 (?DivMod816s)

    -------------------------------------------------------------------------
  LIBRARY MODULE, NAME : ?DivMod816s

  SEGMENTS IN THE MODULE
  ======================
<CODE> 1 (was CODE)
  Relative segment, address: 1BC2 - 1BF5 (0x34 bytes), align: 1
  Segment part 0.
           ENTRY                   ADDRESS         REF BY
           =====                   =======         ======
           ?DivMod8s               1BC2 
           ?DivMod16s              1BC6            itoa (utils)
                                                   lcd_putc (lcd)

    -------------------------------------------------------------------------
  LIBRARY MODULE, NAME : ?memcpy

  SEGMENTS IN THE MODULE
  ======================
<CODE> 1 (was CODE)
  Relative segment, address: 1E78 - 1E89 (0x12 bytes), align: 1
  Segment part 2.
           ENTRY                   ADDRESS         REF BY
           =====                   =======         ======
           memcpy                  1E78            __data16_memcpy (?memzero)
               CSTACK = 00000000 ( 00000002 )

    -------------------------------------------------------------------------
  LIBRARY MODULE, NAME : ?CopyMemoryBytes

  SEGMENTS IN THE MODULE
  ======================
<CODE> 1 (was CODE)
  Relative segment, address: 1E9C - 1EAB (0x10 bytes), align: 1
  Segment part 0.
           ENTRY                   ADDRESS         REF BY
           =====                   =======         ======
           ?CopyMemoryBytes        1E9C            itoa (utils)

    -------------------------------------------------------------------------
  LIBRARY MODULE, NAME : ?memset

  SEGMENTS IN THE MODULE
  ======================
<CODE> 1 (was CODE)
  Relative segment, address: 1E30 - 1E41 (0x12 bytes), align: 1
  Segment part 2.
           ENTRY                   ADDRESS         REF BY
           =====                   =======         ======
           memset                  1E30            itoa (utils)
                                                   sendCmd (tlcmdBltth)
               CSTACK = 00000000 ( 00000002 )

    -------------------------------------------------------------------------
  LIBRARY MODULE, NAME : ?memzero

  SEGMENTS IN THE MODULE
  ======================
<CODE> 1 (was CODE)
  Relative segment, address: 1E66 - 1E77 (0x12 bytes), align: 1
  Segment part 4.
           ENTRY                   ADDRESS         REF BY
           =====                   =======         ======
           __data16_memzero        1E66            ?cstart_init_zero (?cstart)
               CSTACK = 00000000 ( 00000002 )
    -------------------------------------------------------------------------
<CODE> 1 (was CODE)
  Relative segment, address: 1F3A - 1F3D (0x4 bytes), align: 1
  Segment part 3.
           ENTRY                   ADDRESS         REF BY
           =====                   =======         ======
           __data16_memcpy         1F3A            ?cstart_init_copy (?cstart)
               calls direct
               CSTACK = 00000000 ( 00000002 )

    -------------------------------------------------------------------------
  LIBRARY MODULE, NAME : ?strcat

  SEGMENTS IN THE MODULE
  ======================
<CODE> 1 (was CODE)
  Relative segment, address: 1DAC - 1DC3 (0x18 bytes), align: 1
  Segment part 2.
           ENTRY                   ADDRESS         REF BY
           =====                   =======         ======
           strcat                  1DAC            sendCmd (tlcmdBltth)
               CSTACK = 00000000 ( 00000002 )

    -------------------------------------------------------------------------
  LIBRARY MODULE, NAME : ?strcpy

  SEGMENTS IN THE MODULE
  ======================
<CODE> 1 (was CODE)
  Relative segment, address: 1EAC - 1EBB (0x10 bytes), align: 1
  Segment part 2.
           ENTRY                   ADDRESS         REF BY
           =====                   =======         ======
           strcpy                  1EAC            sendCmd (tlcmdBltth)
               CSTACK = 00000000 ( 00000002 )




                ****************************************
                *                                      *
                *      SEGMENTS IN ADDRESS ORDER       *
                *                                      *
                ****************************************


SEGMENT              SPACE    START ADDRESS   END ADDRESS     SIZE  TYPE  ALIGN
=======              =====    =============   ===========     ====  ====  =====
DATA16_AN                              0001 - 0001               1   rel    0
                                       0004 - 0005               2 
                                       0019 - 001B               3 
                                       0021 - 0026               6 
                                       002A - 002E               5 
                                       0031 - 0032               2 
                                       0043 - 0043               1 
                                       0056 - 0058               3 
                                       0060 - 0063               4 
                                       0065 - 0067               3 
                                       0070 - 0071               2 
                                       0073 - 0077               5 
                                       0080 - 0080               1 
                                       0120 - 0121               2 
                                       0140 - 0141               2 
                                       01A0 - 01A5               6 
DATA16_I                               0200 - 0200               1   rel    1
DATA16_Z                               0202 - 03FD             1FC   rel    1
CSTACK                                 09B0 - 09FF              50   rel    1
DATA16_C                               1100 - 12F8             1F9   rel    0
DATA16_ID                              12FA - 12FA               1   rel    1
CSTART                                 12FC - 1323              28   rel    1
<CODE> 1                               1324 - 1F45             C22   rel    1
INTVEC                                 FFE0 - FFF5              16   com    1
RESET                                  FFFE - FFFF               2   rel    1

                ****************************************
                *                                      *
                *        END OF CROSS REFERENCE        *
                *                                      *
                ****************************************

 3 170 bytes of CODE  memory
   589 bytes of DATA  memory (+ 48 absolute )
   506 bytes of CONST memory

Errors: none
Warnings: none

