################################################################################
#                                                                              #
#      IAR Universal Linker V5.3.2.26                                          #
#                                                                              #
#           Link time     =  21/May/2013  18:47:59                             #
#           Target CPU    =  MSP430                                            #
#           List file     =  C:\_Users\Sebastien\Etudes\EcoleDing-ESIGELEC\2A\ #
#                            DominantesSEI\Appli_uP\MSP430169LCD\09_tlcmdBltth #
#                            \Debug\List\tlcmdBltth.map                        #
#           Output file 1 =  C:\_Users\Sebastien\Etudes\EcoleDing-ESIGELEC\2A\ #
#                            DominantesSEI\Appli_uP\MSP430169LCD\09_tlcmdBltth #
#                            \Debug\Exe\tlcmdBltth.d43                         #
#                            Format: debug                                     #
#                            UBROF version 10.0.6                              #
#                            Using library modules for C-SPY (-rt)             #
#           Command line  =  C:\_Users\Sebastien\Etudes\EcoleDing-ESIGELEC\2A\ #
#                            DominantesSEI\Appli_uP\MSP430169LCD\09_tlcmdBltth #
#                            \Debug\Obj\adc.r43                                #
#                            C:\_Users\Sebastien\Etudes\EcoleDing-ESIGELEC\2A\ #
#                            DominantesSEI\Appli_uP\MSP430169LCD\09_tlcmdBltth #
#                            \Debug\Obj\jstck.r43                              #
#                            C:\_Users\Sebastien\Etudes\EcoleDing-ESIGELEC\2A\ #
#                            DominantesSEI\Appli_uP\MSP430169LCD\09_tlcmdBltth #
#                            \Debug\Obj\lcd.r43                                #
#                            C:\_Users\Sebastien\Etudes\EcoleDing-ESIGELEC\2A\ #
#                            DominantesSEI\Appli_uP\MSP430169LCD\09_tlcmdBltth #
#                            \Debug\Obj\led.r43                                #
#                            C:\_Users\Sebastien\Etudes\EcoleDing-ESIGELEC\2A\ #
#                            DominantesSEI\Appli_uP\MSP430169LCD\09_tlcmdBltth #
#                            \Debug\Obj\main_tlcmdBltth.r43                    #
#                            C:\_Users\Sebastien\Etudes\EcoleDing-ESIGELEC\2A\ #
#                            DominantesSEI\Appli_uP\MSP430169LCD\09_tlcmdBltth #
#                            \Debug\Obj\system.r43                             #
#                            C:\_Users\Sebastien\Etudes\EcoleDing-ESIGELEC\2A\ #
#                            DominantesSEI\Appli_uP\MSP430169LCD\09_tlcmdBltth #
#                            \Debug\Obj\tlcmdBltth.r43                         #
#                            C:\_Users\Sebastien\Etudes\EcoleDing-ESIGELEC\2A\ #
#                            DominantesSEI\Appli_uP\MSP430169LCD\09_tlcmdBltth #
#                            \Debug\Obj\uart.r43                               #
#                            C:\_Users\Sebastien\Etudes\EcoleDing-ESIGELEC\2A\ #
#                            DominantesSEI\Appli_uP\MSP430169LCD\09_tlcmdBltth #
#                            \Debug\Obj\utils.r43                              #
#                            -o                                                #
#                            C:\_Users\Sebastien\Etudes\EcoleDing-ESIGELEC\2A\ #
#                            DominantesSEI\Appli_uP\MSP430169LCD\09_tlcmdBltth #
#                            \Debug\Exe\tlcmdBltth.d43                         #
#                            -l                                                #
#                            C:\_Users\Sebastien\Etudes\EcoleDing-ESIGELEC\2A\ #
#                            DominantesSEI\Appli_uP\MSP430169LCD\09_tlcmdBltth #
#                            \Debug\List\tlcmdBltth.map                        #
#                            -xms                                              #
#                            "-IC:\Program Files\IAR Systems\Embedded Workbenc #
#                            h 6.4 Kickstart\430\LIB\"                         #
#                            -f                                                #
#                            "C:\Program Files\IAR Systems\Embedded Workbench  #
#                            6.4 Kickstart\430\CONFIG\lnk430F169.xcl"          #
#                            (-cmsp430 -QCODE_I=CODE_ID                        #
#                            -Z(DATA)DATA16_I,DATA16_Z,DATA16_N,TLS16_I,DATA16 #
#                            _HEAP+_DATA16_HEAP_SIZE=0200-09FF                 #
#                            -Z(DATA)CODE_I -Z(DATA)CSTACK+_STACK_SIZE#        #
#                            -Z(CONST)INFO=1000-10FF                           #
#                            -Z(CONST)INFOA=1080-10FF                          #
#                            -Z(CONST)INFOB=1000-107F                          #
#                            -Z(CONST)DATA16_C,DATA16_ID,TLS16_ID,DIFUNCT,CHEC #
#                            KSUM=1100-FFDF                                    #
#                            -Z(CODE)CSTART,ISR_CODE,CODE_ID=1100-FFDF         #
#                            -P(CODE)CODE=1100-FFDF -Z(CODE)INTVEC=FFE0-FFFF   #
#                            -Z(CODE)RESET=FFFE-FFFF) -f                       #
#                            "C:\Program Files\IAR Systems\Embedded Workbench  #
#                            6.4 Kickstart\430\config\multiplier.xcl"          #
#                            (-e?Mul8Hw=?Mul8 -e?Mul16Hw=?Mul16                #
#                            -e?Mul16to32uHw=?Mul16to32u                       #
#                            -e?Mul16to32sHw=?Mul16to32s -e?Mul32Hw=?Mul32     #
#                            -e_Mul64iHw=_Mul64i                               #
#                            -e_Mul32u32uto64iHw=_Mul32u32uto64i               #
#                            -e?Mul32fHw=_Mul32f -e_Mul64fHwPtr=_Mul64fPtr)    #
#                            -D_STACK_SIZE=50 -rt                              #
#                            "C:\Program Files\IAR Systems\Embedded Workbench  #
#                            6.4 Kickstart\430\LIB\DLIB\dl430fn.r43"           #
#                            -e_PrintfLarge=_Printf -e_ScanfLarge=_Scanf       #
#                            -D_DATA16_HEAP_SIZE=50 -s __program_start         #
#                            -D_DATA20_HEAP_SIZE=50                            #
#                                                                              #
#                           Copyright (C) 1987-2012 IAR Systems AB.            #
################################################################################





                ****************************************
                *                                      *
                *           CROSS REFERENCE            *
                *                                      *
                ****************************************

       Program entry at :           131C  Relocatable, from module : ?cstart




                ****************************************
                *                                      *
                *            RUNTIME MODEL             *
                *                                      *
                ****************************************

  __Heap_Handler             = Basic
  __SystemLibrary            = DLib
  __core                     = 430
  __dlib_file_descriptor     = 0
  __dlib_full_locale_support = 0
  __double_size              = 32
  __pic                      = no
  __reg_r4                   = free
  __reg_r5                   = free
  __rt_version               = 3

                ****************************************
                *                                      *
                *    AUTOMATIC SYMBOL REDIRECTIONS     *
                *                                      *
                ****************************************

                  There are no automatic symbol redirections.



                ****************************************
                *                                      *
                *              MODULE MAP              *
                *                                      *
                ****************************************


  DEFINED ABSOLUTE ENTRIES
    *************************************************************************

  DEFINED ABSOLUTE ENTRIES
  PROGRAM MODULE, NAME : ?ABS_ENTRY_MOD

Absolute parts
           ENTRY                   ADDRESS         REF BY
           =====                   =======         ======
           _DATA20_HEAP_SIZE       0050 
           _DATA16_HEAP_SIZE       0050 
           _STACK_SIZE             0050 
    *************************************************************************

  FILE NAME : C:\_Users\Sebastien\Etudes\EcoleDing-ESIGELEC\2A\DominantesSEI\Appli_uP\MSP430169LCD\09_tlcmdBltth\Debug\Obj\adc.r43
  PROGRAM MODULE, NAME : adc

  SEGMENTS IN THE MODULE
  ======================
DATA16_AN
  Relative segment, address: 01A0 - 01A1 (0x2 bytes), align: 0
  Segment part 1. ROOT.       Intra module refs:   adc_init
                                                   adc_read_ADC0
                                                   adc_read_ADC1
                                                   adc_read_ADC2
           ENTRY                   ADDRESS         REF BY
           =====                   =======         ======
           _A_ADC12CTL0            01A0 
           LOCAL                   ADDRESS         
           =====                   =======         
           ADC12CTL0               01A0 
           ADC12CTL0_bit           01A0 
    -------------------------------------------------------------------------
DATA16_AN
  Relative segment, address: 01A2 - 01A3 (0x2 bytes), align: 0
  Segment part 2. ROOT.       Intra module refs:   adc_init
                                                   adc_read_ADC0
                                                   adc_read_ADC1
                                                   adc_read_ADC2
           ENTRY                   ADDRESS         REF BY
           =====                   =======         ======
           _A_ADC12CTL1            01A2 
           LOCAL                   ADDRESS         
           =====                   =======         
           ADC12CTL1               01A2 
           ADC12CTL1_bit           01A2 
    -------------------------------------------------------------------------
DATA16_AN
  Relative segment, address: 01A4 - 01A5 (0x2 bytes), align: 0
  Segment part 3. ROOT.       Intra module refs:   adc_read_ADC0
                                                   adc_read_ADC1
                                                   adc_read_ADC2
           ENTRY                   ADDRESS         REF BY
           =====                   =======         ======
           ADC12IFG                01A4 
    -------------------------------------------------------------------------
DATA16_AN
  Relative segment, address: 0140 - 0141 (0x2 bytes), align: 0
  Segment part 4. ROOT.       Intra module refs:   adc_read_ADC0
                                                   adc_read_ADC1
                                                   adc_read_ADC2
           ENTRY                   ADDRESS         REF BY
           =====                   =======         ======
           ADC12MEM0               0140 
    -------------------------------------------------------------------------
DATA16_AN
  Relative segment, address: 0080 - 0080 (0x1 bytes), align: 0
  Segment part 5. ROOT.       Intra module refs:   adc_init
                                                   adc_read_ADC0
                                                   adc_read_ADC1
                                                   adc_read_ADC2
           ENTRY                   ADDRESS         REF BY
           =====                   =======         ======
           _A_ADC12MCTL0           0080 
           LOCAL                   ADDRESS         
           =====                   =======         
           ADC12MCTL0              0080 
           ADC12MCTL0_bit          0080 
    -------------------------------------------------------------------------
<CODE> 1 (was CODE)
  Relative segment, address: 236C - 237D (0x12 bytes), align: 1
  Segment part 11.
           ENTRY                   ADDRESS         REF BY
           =====                   =======         ======
           adc_init                236C            main (main_tlcmdBltth)
               CSTACK = 00000000 ( 00000002 )
    -------------------------------------------------------------------------
<CODE> 1 (was CODE)
  Relative segment, address: 20A2 - 20A9 (0x8 bytes), align: 1
  Segment part 7.
           ENTRY                   ADDRESS         REF BY
           =====                   =======         ======
           adc_read_ADC2           20A2            tlcmdBltth_go (tlcmdBltth)
               CSTACK = 00000000 ( 00000002 )
    -------------------------------------------------------------------------
<CODE> 1 (was CODE)
  Relative segment, address: 20AA - 20C9 (0x20 bytes), align: 1
  Segment part 8.             Intra module refs:   adc_read_ADC0
                                                   adc_read_ADC1
                                                   adc_read_ADC2
           LOCAL                   ADDRESS         
           =====                   =======         
           ?Subroutine0            20AA 
    -------------------------------------------------------------------------
<CODE> 1 (was CODE)
  Relative segment, address: 20CA - 20D3 (0xa bytes), align: 1
  Segment part 9.
           ENTRY                   ADDRESS         REF BY
           =====                   =======         ======
           adc_read_ADC1           20CA            tlcmdBltth_go (tlcmdBltth)
               CSTACK = 00000000 ( 00000002 )
    -------------------------------------------------------------------------
<CODE> 1 (was CODE)
  Relative segment, address: 20D4 - 20DF (0xc bytes), align: 1
  Segment part 10.
           ENTRY                   ADDRESS         REF BY
           =====                   =======         ======
           adc_read_ADC0           20D4            tlcmdBltth_go (tlcmdBltth)
               CSTACK = 00000000 ( 00000002 )

    *************************************************************************

  FILE NAME : C:\_Users\Sebastien\Etudes\EcoleDing-ESIGELEC\2A\DominantesSEI\Appli_uP\MSP430169LCD\09_tlcmdBltth\Debug\Obj\jstck.r43
  PROGRAM MODULE, NAME : jstck

  SEGMENTS IN THE MODULE
  ======================
DATA16_AN
  Relative segment, address: 0022 - 0022 (0x1 bytes), align: 0
  Segment part 1. ROOT.       Intra module refs:   jstck_init
                                                   led_init (led)
           ENTRY                   ADDRESS         REF BY
           =====                   =======         ======
           _A_P1DIR                0022 
           LOCAL                   ADDRESS         
           =====                   =======         
           P1DIR                   0022 
           P1DIR_bit               0022 
    -------------------------------------------------------------------------
DATA16_AN
  Relative segment, address: 0023 - 0023 (0x1 bytes), align: 0
  Segment part 2. ROOT.       Intra module refs:   inter_jstck1
           ENTRY                   ADDRESS         REF BY
           =====                   =======         ======
           _A_P1IFG                0023 
           LOCAL                   ADDRESS         
           =====                   =======         
           P1IFG                   0023 
           P1IFG_bit               0023 
    -------------------------------------------------------------------------
DATA16_AN
  Relative segment, address: 0024 - 0024 (0x1 bytes), align: 0
  Segment part 3. ROOT.       Intra module refs:   jstck_init
           ENTRY                   ADDRESS         REF BY
           =====                   =======         ======
           _A_P1IES                0024 
           LOCAL                   ADDRESS         
           =====                   =======         
           P1IES                   0024 
           P1IES_bit               0024 
    -------------------------------------------------------------------------
DATA16_AN
  Relative segment, address: 0025 - 0025 (0x1 bytes), align: 0
  Segment part 4. ROOT.       Intra module refs:   jstck_init
           ENTRY                   ADDRESS         REF BY
           =====                   =======         ======
           _A_P1IE                 0025 
           LOCAL                   ADDRESS         
           =====                   =======         
           P1IE                    0025 
           P1IE_bit                0025 
    -------------------------------------------------------------------------
DATA16_AN
  Relative segment, address: 0026 - 0026 (0x1 bytes), align: 0
  Segment part 5. ROOT.       Intra module refs:   jstck_init
           ENTRY                   ADDRESS         REF BY
           =====                   =======         ======
           _A_P1SEL                0026 
           LOCAL                   ADDRESS         
           =====                   =======         
           P1SEL                   0026 
           P1SEL_bit               0026 
    -------------------------------------------------------------------------
DATA16_AN
  Relative segment, address: 002A - 002A (0x1 bytes), align: 0
  Segment part 6. ROOT.       Intra module refs:   jstck_init
           ENTRY                   ADDRESS         REF BY
           =====                   =======         ======
           _A_P2DIR                002A 
           LOCAL                   ADDRESS         
           =====                   =======         
           P2DIR                   002A 
           P2DIR_bit               002A 
    -------------------------------------------------------------------------
DATA16_AN
  Relative segment, address: 002B - 002B (0x1 bytes), align: 0
  Segment part 7. ROOT.       Intra module refs:   interr_jstck2
           ENTRY                   ADDRESS         REF BY
           =====                   =======         ======
           _A_P2IFG                002B 
           LOCAL                   ADDRESS         
           =====                   =======         
           P2IFG                   002B 
           P2IFG_bit               002B 
    -------------------------------------------------------------------------
DATA16_AN
  Relative segment, address: 002C - 002C (0x1 bytes), align: 0
  Segment part 8. ROOT.       Intra module refs:   jstck_init
           ENTRY                   ADDRESS         REF BY
           =====                   =======         ======
           _A_P2IES                002C 
           LOCAL                   ADDRESS         
           =====                   =======         
           P2IES                   002C 
           P2IES_bit               002C 
    -------------------------------------------------------------------------
DATA16_AN
  Relative segment, address: 002D - 002D (0x1 bytes), align: 0
  Segment part 9. ROOT.       Intra module refs:   jstck_init
           ENTRY                   ADDRESS         REF BY
           =====                   =======         ======
           _A_P2IE                 002D 
           LOCAL                   ADDRESS         
           =====                   =======         
           P2IE                    002D 
           P2IE_bit                002D 
    -------------------------------------------------------------------------
DATA16_AN
  Relative segment, address: 002E - 002E (0x1 bytes), align: 0
  Segment part 10. ROOT.      Intra module refs:   jstck_init
           ENTRY                   ADDRESS         REF BY
           =====                   =======         ======
           _A_P2SEL                002E 
           LOCAL                   ADDRESS         
           =====                   =======         
           P2SEL                   002E 
           P2SEL_bit               002E 
    -------------------------------------------------------------------------
DATA16_I
  Relative segment, address: 0200 - 0200 (0x1 bytes), align: 0
  Segment part 14.            Intra module refs:   inter_jstck1
                                                   interr_jstck2
                                                   jstck_clearDir
                                                   jstck_getDir
           ENTRY                   ADDRESS         REF BY
           =====                   =======         ======
           m_dir                   0200 
    -------------------------------------------------------------------------
<CODE> 1 (was CODE)
  Relative segment, address: 2114 - 213F (0x2c bytes), align: 1
  Segment part 21.
           ENTRY                   ADDRESS         REF BY
           =====                   =======         ======
           jstck_init              2114            main (main_tlcmdBltth)
               CSTACK = 00000000 ( 00000002 )
    -------------------------------------------------------------------------
<CODE> 1 (was CODE)
  Relative segment, address: 23EA - 23F7 (0xe bytes), align: 1
  Segment part 20.
           ENTRY                   ADDRESS         REF BY
           =====                   =======         ======
           jstck_getDir            23EA            tlcmdBltth_go (tlcmdBltth)
               CSTACK = 00000000 ( 00000002 )
    -------------------------------------------------------------------------
<CODE> 1 (was CODE)
  Relative segment, address: 2458 - 245F (0x8 bytes), align: 1
  Segment part 19.
           ENTRY                   ADDRESS         REF BY
           =====                   =======         ======
           jstck_clearDir          2458            tlcmdBltth_go (tlcmdBltth)
               CSTACK = 00000000 ( 00000002 )
    -------------------------------------------------------------------------
<CODE> 1 (was CODE)
  Relative segment, address: 205E - 20A1 (0x44 bytes), align: 1
  Segment part 17.            Intra module refs:   inter_jstck1::??INTVEC 8
           ENTRY                   ADDRESS         REF BY
           =====                   =======         ======
           inter_jstck1            205E 
               interrupt function
               CSTACK = 00000000 ( 00000004 )
    -------------------------------------------------------------------------
<CODE> 1 (was CODE)
  Relative segment, address: 2312 - 2323 (0x12 bytes), align: 1
  Segment part 16.            Intra module refs:   interr_jstck2::??INTVEC 2
           ENTRY                   ADDRESS         REF BY
           =====                   =======         ======
           interr_jstck2           2312 
               interrupt function
               CSTACK = 00000000 ( 00000004 )
    -------------------------------------------------------------------------
INTVEC
  Common segment, address: FFE0 - FFE3 (0x4 bytes), align: 1
  Segment part 11. ROOT.
           ENTRY                   ADDRESS         REF BY
           =====                   =======         ======
           interr_jstck2::??INTVEC 2
                                   FFE2 
    -------------------------------------------------------------------------
INTVEC
  Common segment, address: FFE0 - FFE9 (0xa bytes), align: 1
  Segment part 12. ROOT.
           ENTRY                   ADDRESS         REF BY
           =====                   =======         ======
           inter_jstck1::??INTVEC 8
                                   FFE8 
    -------------------------------------------------------------------------
DATA16_ID
  Relative segment, address: 131A - 131A (0x1 bytes), align: 0
  Segment part 15.            Intra module refs:   m_dir

    *************************************************************************

  FILE NAME : C:\_Users\Sebastien\Etudes\EcoleDing-ESIGELEC\2A\DominantesSEI\Appli_uP\MSP430169LCD\09_tlcmdBltth\Debug\Obj\lcd.r43
  PROGRAM MODULE, NAME : lcd

  SEGMENTS IN THE MODULE
  ======================
DATA16_C
  Relative segment, address: 1120 - 12F5 (0x1d6 bytes), align: 0
  Segment part 15.            Intra module refs:   lcd_putc
           LOCAL                   ADDRESS         
           =====                   =======         
           FontLookup              1120 
    -------------------------------------------------------------------------
DATA16_AN
  Relative segment, address: 0004 - 0004 (0x1 bytes), align: 0
  Segment part 1. ROOT.       Intra module refs:   lcd_init
           ENTRY                   ADDRESS         REF BY
           =====                   =======         ======
           _A_ME1                  0004 
           LOCAL                   ADDRESS         
           =====                   =======         
           ME1                     0004 
           ME1_bit                 0004 
    -------------------------------------------------------------------------
DATA16_AN
  Relative segment, address: 0005 - 0005 (0x1 bytes), align: 0
  Segment part 2. ROOT.       Intra module refs:   lcd_init
           ENTRY                   ADDRESS         REF BY
           =====                   =======         ======
           _A_ME2                  0005 
           LOCAL                   ADDRESS         
           =====                   =======         
           ME2                     0005 
           ME2_bit                 0005 
    -------------------------------------------------------------------------
DATA16_AN
  Relative segment, address: 0019 - 0019 (0x1 bytes), align: 0
  Segment part 3. ROOT.       Intra module refs:   lcd_init
                                                   lcd_send
           ENTRY                   ADDRESS         REF BY
           =====                   =======         ======
           _A_P3OUT                0019 
           LOCAL                   ADDRESS         
           =====                   =======         
           P3OUT                   0019 
           P3OUT_bit               0019 
    -------------------------------------------------------------------------
DATA16_AN
  Relative segment, address: 001A - 001A (0x1 bytes), align: 0
  Segment part 4. ROOT.       Intra module refs:   lcd_init
           ENTRY                   ADDRESS         REF BY
           =====                   =======         ======
           _A_P3DIR                001A 
           LOCAL                   ADDRESS         
           =====                   =======         
           P3DIR                   001A 
           P3DIR_bit               001A 
    -------------------------------------------------------------------------
DATA16_AN
  Relative segment, address: 001B - 001B (0x1 bytes), align: 0
  Segment part 5. ROOT.       Intra module refs:   lcd_init
           ENTRY                   ADDRESS         REF BY
           =====                   =======         ======
           _A_P3SEL                001B 
           LOCAL                   ADDRESS         
           =====                   =======         
           P3SEL                   001B 
           P3SEL_bit               001B 
    -------------------------------------------------------------------------
DATA16_AN
  Relative segment, address: 0031 - 0031 (0x1 bytes), align: 0
  Segment part 6. ROOT.       Intra module refs:   lcd_init
           ENTRY                   ADDRESS         REF BY
           =====                   =======         ======
           _A_P5OUT                0031 
           LOCAL                   ADDRESS         
           =====                   =======         
           P5OUT                   0031 
           P5OUT_bit               0031 
    -------------------------------------------------------------------------
DATA16_AN
  Relative segment, address: 0032 - 0032 (0x1 bytes), align: 0
  Segment part 7. ROOT.       Intra module refs:   lcd_init
           ENTRY                   ADDRESS         REF BY
           =====                   =======         ======
           _A_P5DIR                0032 
           LOCAL                   ADDRESS         
           =====                   =======         
           P5DIR                   0032 
           P5DIR_bit               0032 
    -------------------------------------------------------------------------
DATA16_AN
  Relative segment, address: 0070 - 0070 (0x1 bytes), align: 0
  Segment part 8. ROOT.       Intra module refs:   lcd_init
           ENTRY                   ADDRESS         REF BY
           =====                   =======         ======
           _A_U0CTL                0070 
           LOCAL                   ADDRESS         
           =====                   =======         
           U0CTL                   0070 
           U0CTL__I2C              0070 
           U0CTL__I2C_bit          0070 
           U0CTL_bit               0070 
    -------------------------------------------------------------------------
DATA16_AN
  Relative segment, address: 0071 - 0071 (0x1 bytes), align: 0
  Segment part 9. ROOT.       Intra module refs:   lcd_init
                                                   lcd_send
           ENTRY                   ADDRESS         REF BY
           =====                   =======         ======
           _A_U0TCTL               0071 
           LOCAL                   ADDRESS         
           =====                   =======         
           I2CTCTL                 0071 
           I2CTCTL_bit             0071 
           U0TCTL                  0071 
           U0TCTL_bit              0071 
    -------------------------------------------------------------------------
DATA16_AN
  Relative segment, address: 0073 - 0073 (0x1 bytes), align: 0
  Segment part 10. ROOT.      Intra module refs:   lcd_init
           ENTRY                   ADDRESS         REF BY
           =====                   =======         ======
           _A_U0MCTL               0073 
           LOCAL                   ADDRESS         
           =====                   =======         
           I2CPSC                  0073 
           U0MCTL                  0073 
    -------------------------------------------------------------------------
DATA16_AN
  Relative segment, address: 0074 - 0074 (0x1 bytes), align: 0
  Segment part 11. ROOT.      Intra module refs:   lcd_init
           ENTRY                   ADDRESS         REF BY
           =====                   =======         ======
           _A_U0BR0                0074 
           LOCAL                   ADDRESS         
           =====                   =======         
           I2CSCLH                 0074 
           U0BR0                   0074 
    -------------------------------------------------------------------------
DATA16_AN
  Relative segment, address: 0075 - 0075 (0x1 bytes), align: 0
  Segment part 12. ROOT.      Intra module refs:   lcd_init
           ENTRY                   ADDRESS         REF BY
           =====                   =======         ======
           _A_U0BR1                0075 
           LOCAL                   ADDRESS         
           =====                   =======         
           I2CSCLL                 0075 
           U0BR1                   0075 
    -------------------------------------------------------------------------
DATA16_AN
  Relative segment, address: 0076 - 0077 (0x2 bytes), align: 0
  Segment part 13. ROOT.      Intra module refs:   lcd_send
           ENTRY                   ADDRESS         REF BY
           =====                   =======         ======
           _A_I2CDRW               0076 
           LOCAL                   ADDRESS         
           =====                   =======         
           I2CDRB                  0076 
           I2CDRW                  0076 
           U0RXBUF                 0076 
           U0TXBUF                 0077 
    -------------------------------------------------------------------------
DATA16_Z
  Relative segment, address: 0206 - 03FD (0x1f8 bytes), align: 0
  Segment part 17.            Intra module refs:   lcd_clear
                                                   lcd_putc
                                                   lcd_update
           ENTRY                   ADDRESS         REF BY
           =====                   =======         ======
           LcdMemory               0206 
    -------------------------------------------------------------------------
<CODE> 1 (was CODE)
  Relative segment, address: 1C1C - 1CC1 (0xa6 bytes), align: 1
  Segment part 33.
           ENTRY                   ADDRESS         REF BY
           =====                   =======         ======
           lcd_init                1C1C            main (main_tlcmdBltth)
               calls direct
               CSTACK = 00000000 ( 00000004 )
    -------------------------------------------------------------------------
<CODE> 1 (was CODE)
  Relative segment, address: 21D8 - 21F9 (0x22 bytes), align: 1
  Segment part 27.            Intra module refs:   lcd_init
                                                   lcd_setContrast
                                                   lcd_update
           ENTRY                   ADDRESS         REF BY
           =====                   =======         ======
           lcd_send                21D8 
               CSTACK = 00000000 ( 00000002 )
    -------------------------------------------------------------------------
<CODE> 1 (was CODE)
  Relative segment, address: 2140 - 2167 (0x28 bytes), align: 1
  Segment part 31.            Intra module refs:   lcd_init
           ENTRY                   ADDRESS         REF BY
           =====                   =======         ======
           lcd_update              2140            tlcmdBltth_go (tlcmdBltth)
               calls direct
               CSTACK = 00000000 ( 00000002 )
    -------------------------------------------------------------------------
<CODE> 1 (was CODE)
  Relative segment, address: 2238 - 2253 (0x1c bytes), align: 1
  Segment part 30.            Intra module refs:   lcd_init
           ENTRY                   ADDRESS         REF BY
           =====                   =======         ======
           lcd_clear               2238            tlcmdBltth_init (tlcmdBltth)
               CSTACK = 00000000 ( 00000002 )
    -------------------------------------------------------------------------
<CODE> 1 (was CODE)
  Relative segment, address: 1EFC - 1F69 (0x6e bytes), align: 1
  Segment part 25.            Intra module refs:   lcd_puts
           ENTRY                   ADDRESS         REF BY
           =====                   =======         ======
           lcd_putc                1EFC 
               CSTACK = 00000000 ( 00000004 )
    -------------------------------------------------------------------------
<CODE> 1 (was CODE)
  Relative segment, address: 21FA - 221B (0x22 bytes), align: 1
  Segment part 28.
           ENTRY                   ADDRESS         REF BY
           =====                   =======         ======
           lcd_setContrast         21FA            main (main_tlcmdBltth)
               calls direct
               CSTACK = 00000000 ( 00000002 )
    -------------------------------------------------------------------------
<CODE> 1 (was CODE)
  Relative segment, address: 21B4 - 21D7 (0x24 bytes), align: 1
  Segment part 26.
           ENTRY                   ADDRESS         REF BY
           =====                   =======         ======
           lcd_puts                21B4            tlcmdBltth_go (tlcmdBltth)
               calls direct
               CSTACK = 00000000 ( 00000008 )

    *************************************************************************

  FILE NAME : C:\_Users\Sebastien\Etudes\EcoleDing-ESIGELEC\2A\DominantesSEI\Appli_uP\MSP430169LCD\09_tlcmdBltth\Debug\Obj\led.r43
  PROGRAM MODULE, NAME : led

  SEGMENTS IN THE MODULE
  ======================
DATA16_AN
  Relative segment, address: 0021 - 0021 (0x1 bytes), align: 0
  Segment part 1. ROOT.       Intra module refs:   led_green_off
                                                   led_red_off
           ENTRY                   ADDRESS         REF BY
           =====                   =======         ======
           _A_P1OUT                0021 
           LOCAL                   ADDRESS         
           =====                   =======         
           P1OUT                   0021 
           P1OUT_bit               0021 
    -------------------------------------------------------------------------
<CODE> 1 (was CODE)
  Relative segment, address: 23F8 - 2405 (0xe bytes), align: 1
  Segment part 12.
           ENTRY                   ADDRESS         REF BY
           =====                   =======         ======
           led_init                23F8            main (main_tlcmdBltth)
               calls direct
               CSTACK = 00000000 ( 00000002 )
    -------------------------------------------------------------------------
<CODE> 1 (was CODE)
  Relative segment, address: 2254 - 2259 (0x6 bytes), align: 1
  Segment part 9.             Intra module refs:   led_green_off
           LOCAL                   ADDRESS         
           =====                   =======         
           ?Subroutine1            2254 
    -------------------------------------------------------------------------
<CODE> 1 (was CODE)
  Relative segment, address: 225A - 225F (0x6 bytes), align: 1
  Segment part 10.            Intra module refs:   led_init
           ENTRY                   ADDRESS         REF BY
           =====                   =======         ======
           led_green_off           225A 
               CSTACK = 00000000 ( 00000002 )
    -------------------------------------------------------------------------
<CODE> 1 (was CODE)
  Relative segment, address: 2260 - 2267 (0x8 bytes), align: 1
  Segment part 5.             Intra module refs:   led_red_off
           LOCAL                   ADDRESS         
           =====                   =======         
           ?Subroutine0            2260 
    -------------------------------------------------------------------------
<CODE> 1 (was CODE)
  Relative segment, address: 2268 - 226F (0x8 bytes), align: 1
  Segment part 6.             Intra module refs:   led_init
           ENTRY                   ADDRESS         REF BY
           =====                   =======         ======
           led_red_off             2268 
               CSTACK = 00000000 ( 00000002 )

    *************************************************************************

  FILE NAME : C:\_Users\Sebastien\Etudes\EcoleDing-ESIGELEC\2A\DominantesSEI\Appli_uP\MSP430169LCD\09_tlcmdBltth\Debug\Obj\main_tlcmdBltth.r43
  PROGRAM MODULE, NAME : main_tlcmdBltth

  SEGMENTS IN THE MODULE
  ======================
<CODE> 1 (was CODE)
  Relative segment, address: 2168 - 218F (0x28 bytes), align: 1
  Segment part 2.
           ENTRY                   ADDRESS         REF BY
           =====                   =======         ======
           main                    2168            Segment part 17 (?cstart)
               calls direct
               CSTACK = 00000000 ( 00000002 )

    *************************************************************************

  FILE NAME : C:\_Users\Sebastien\Etudes\EcoleDing-ESIGELEC\2A\DominantesSEI\Appli_uP\MSP430169LCD\09_tlcmdBltth\Debug\Obj\system.r43
  PROGRAM MODULE, NAME : system

  SEGMENTS IN THE MODULE
  ======================
DATA16_AN
  Relative segment, address: 0120 - 0121 (0x2 bytes), align: 0
  Segment part 1. ROOT.       Intra module refs:   board_init
           ENTRY                   ADDRESS         REF BY
           =====                   =======         ======
           _A_WDTCTL               0120 
           LOCAL                   ADDRESS         
           =====                   =======         
           WDTCTL                  0120 
           WDTCTL_bit              0120 
    -------------------------------------------------------------------------
DATA16_AN
  Relative segment, address: 0056 - 0056 (0x1 bytes), align: 0
  Segment part 2. ROOT.       Intra module refs:   board_init
           ENTRY                   ADDRESS         REF BY
           =====                   =======         ======
           _A_DCOCTL               0056 
           LOCAL                   ADDRESS         
           =====                   =======         
           DCOCTL                  0056 
           DCOCTL_bit              0056 
    -------------------------------------------------------------------------
DATA16_AN
  Relative segment, address: 0057 - 0057 (0x1 bytes), align: 0
  Segment part 3. ROOT.       Intra module refs:   board_init
           ENTRY                   ADDRESS         REF BY
           =====                   =======         ======
           _A_BCSCTL1              0057 
           LOCAL                   ADDRESS         
           =====                   =======         
           BCSCTL1                 0057 
           BCSCTL1_bit             0057 
    -------------------------------------------------------------------------
DATA16_AN
  Relative segment, address: 0058 - 0058 (0x1 bytes), align: 0
  Segment part 4. ROOT.       Intra module refs:   board_init
           ENTRY                   ADDRESS         REF BY
           =====                   =======         ======
           _A_BCSCTL2              0058 
           LOCAL                   ADDRESS         
           =====                   =======         
           BCSCTL2                 0058 
           BCSCTL2_bit             0058 
    -------------------------------------------------------------------------
<CODE> 1 (was CODE)
  Relative segment, address: 237E - 238D (0x10 bytes), align: 1
  Segment part 7.
           ENTRY                   ADDRESS         REF BY
           =====                   =======         ======
           board_init              237E            main (main_tlcmdBltth)
               CSTACK = 00000000 ( 00000002 )
    -------------------------------------------------------------------------
<CODE> 1 (was CODE)
  Relative segment, address: 23DC - 23E9 (0xe bytes), align: 1
  Segment part 8.             Intra module refs:   board_init
           LOCAL                   ADDRESS         
           =====                   =======         
           ?Subroutine0            23DC 

    *************************************************************************

  FILE NAME : C:\_Users\Sebastien\Etudes\EcoleDing-ESIGELEC\2A\DominantesSEI\Appli_uP\MSP430169LCD\09_tlcmdBltth\Debug\Obj\tlcmdBltth.r43
  PROGRAM MODULE, NAME : tlcmdBltth

  SEGMENTS IN THE MODULE
  ======================
DATA16_Z
  Relative segment, address: 03FE - 03FE (0x1 bytes), align: 0
  Segment part 6.             Intra module refs:   tlcmdBltth_go
                                                   tlcmdBltth_init
           ENTRY                   ADDRESS         REF BY
           =====                   =======         ======
           screen                  03FE 
    -------------------------------------------------------------------------
<CODE> 1 (was CODE)
  Relative segment, address: 2450 - 2457 (0x8 bytes), align: 1
  Segment part 14.
           ENTRY                   ADDRESS         REF BY
           =====                   =======         ======
           tlcmdBltth_init         2450            main (main_tlcmdBltth)
               calls direct
               CSTACK = 00000000 ( 00000002 )
    -------------------------------------------------------------------------
<CODE> 1 (was CODE)
  Relative segment, address: 1A56 - 1B39 (0xe4 bytes), align: 1
  Segment part 12.
           ENTRY                   ADDRESS         REF BY
           =====                   =======         ======
           tlcmdBltth_go           1A56            main (main_tlcmdBltth)
               calls direct
               CSTACK = 00000000 ( 00000020 )
    -------------------------------------------------------------------------
<CODE> 1 (was CODE)
  Relative segment, address: 241E - 2429 (0xc bytes), align: 1
  Segment part 13.            Intra module refs:   tlcmdBltth_go
           LOCAL                   ADDRESS         
           =====                   =======         
           ?Subroutine2            241E 
    -------------------------------------------------------------------------
<CODE> 1 (was CODE)
  Relative segment, address: 195C - 1A55 (0xfa bytes), align: 1
  Segment part 10.            Intra module refs:   tlcmdBltth_go
           ENTRY                   ADDRESS         REF BY
           =====                   =======         ======
           get_PitchAndRoll        195C 
               calls direct
               CSTACK = 00000000 ( 0000001E )
    -------------------------------------------------------------------------
<CODE> 1 (was CODE)
  Relative segment, address: 23BE - 23CD (0x10 bytes), align: 1
  Segment part 11.            Intra module refs:   get_PitchAndRoll
           LOCAL                   ADDRESS         
           =====                   =======         
           ?Subroutine0            23BE 
    -------------------------------------------------------------------------
<CODE> 1 (was CODE)
  Relative segment, address: 1D5C - 1DED (0x92 bytes), align: 1
  Segment part 8.             Intra module refs:   tlcmdBltth_go
           ENTRY                   ADDRESS         REF BY
           =====                   =======         ======
           sendCmd                 1D5C 
               calls direct
               CSTACK = 00000000 ( 0000001E )
    -------------------------------------------------------------------------
<CODE> 1 (was CODE)
  Relative segment, address: 23CE - 23DB (0xe bytes), align: 1
  Segment part 9.             Intra module refs:   sendCmd
           LOCAL                   ADDRESS         
           =====                   =======         
           ?Subroutine1            23CE 
    -------------------------------------------------------------------------
<CODE> 1 (was CODE)
  Relative segment, address: 22D4 - 22E9 (0x16 bytes), align: 1
  Segment part 7.             Intra module refs:   tlcmdBltth_go
           ENTRY                   ADDRESS         REF BY
           =====                   =======         ======
           tempo_ms                22D4 
               CSTACK = 00000000 ( 00000002 )
    -------------------------------------------------------------------------
DATA16_C
  Relative segment, address: 12F6 - 12FD (0x8 bytes), align: 0
  Segment part 2.             Intra module refs:   tlcmdBltth_go
    -------------------------------------------------------------------------
DATA16_C
  Relative segment, address: 12FE - 1301 (0x4 bytes), align: 0
  Segment part 3.             Intra module refs:   sendCmd
    -------------------------------------------------------------------------
DATA16_C
  Relative segment, address: 1302 - 1305 (0x4 bytes), align: 0
  Segment part 4.             Intra module refs:   sendCmd
    -------------------------------------------------------------------------
DATA16_C
  Relative segment, address: 1306 - 1307 (0x2 bytes), align: 0
  Segment part 5.             Intra module refs:   sendCmd

    *************************************************************************

  FILE NAME : C:\_Users\Sebastien\Etudes\EcoleDing-ESIGELEC\2A\DominantesSEI\Appli_uP\MSP430169LCD\09_tlcmdBltth\Debug\Obj\uart.r43
  PROGRAM MODULE, NAME : uart

  SEGMENTS IN THE MODULE
  ======================
DATA16_AN
  Relative segment, address: 0001 - 0001 (0x1 bytes), align: 0
  Segment part 1. ROOT.
           ENTRY                   ADDRESS         REF BY
           =====                   =======         ======
           _A_IE2                  0001 
           LOCAL                   ADDRESS         
           =====                   =======         
           IE2                     0001 
           IE2_bit                 0001 
    -------------------------------------------------------------------------
DATA16_AN
  Relative segment, address: 0041 - 0041 (0x1 bytes), align: 0
  Segment part 3. ROOT.
           ENTRY                   ADDRESS         REF BY
           =====                   =======         ======
           _A_P1SEL2               0041 
           LOCAL                   ADDRESS         
           =====                   =======         
           P1SEL2                  0041 
           P1SEL2_bit              0041 
    -------------------------------------------------------------------------
DATA16_AN
  Relative segment, address: 0060 - 0060 (0x1 bytes), align: 0
  Segment part 4. ROOT.
           ENTRY                   ADDRESS         REF BY
           =====                   =======         ======
           _A_UCA0CTL0             0060 
           LOCAL                   ADDRESS         
           =====                   =======         
           UCA0CTL0                0060 
           UCA0CTL0__SPI           0060 
           UCA0CTL0__SPI_bit       0060 
           UCA0CTL0_bit            0060 
    -------------------------------------------------------------------------
DATA16_AN
  Relative segment, address: 0061 - 0061 (0x1 bytes), align: 0
  Segment part 5. ROOT.
           ENTRY                   ADDRESS         REF BY
           =====                   =======         ======
           _A_UCA0CTL1             0061 
           LOCAL                   ADDRESS         
           =====                   =======         
           UCA0CTL1                0061 
           UCA0CTL1__SPI           0061 
           UCA0CTL1__SPI_bit       0061 
           UCA0CTL1_bit            0061 
    -------------------------------------------------------------------------
DATA16_AN
  Relative segment, address: 0062 - 0062 (0x1 bytes), align: 0
  Segment part 6. ROOT.
           ENTRY                   ADDRESS         REF BY
           =====                   =======         ======
           _A_UCA0BR0              0062 
           LOCAL                   ADDRESS         
           =====                   =======         
           UCA0BR0                 0062 
           UCA0BR0__SPI            0062 
    -------------------------------------------------------------------------
DATA16_AN
  Relative segment, address: 0063 - 0063 (0x1 bytes), align: 0
  Segment part 7. ROOT.
           ENTRY                   ADDRESS         REF BY
           =====                   =======         ======
           _A_UCA0BR1              0063 
           LOCAL                   ADDRESS         
           =====                   =======         
           UCA0BR1                 0063 
           UCA0BR1__SPI            0063 
    -------------------------------------------------------------------------
DATA16_AN
  Relative segment, address: 0065 - 0065 (0x1 bytes), align: 0
  Segment part 8. ROOT.
           ENTRY                   ADDRESS         REF BY
           =====                   =======         ======
           _A_UCA0STAT             0065 
           LOCAL                   ADDRESS         
           =====                   =======         
           UCA0STAT                0065 
           UCA0STAT__SPI           0065 
           UCA0STAT__SPI_bit       0065 
           UCA0STAT_bit            0065 
    -------------------------------------------------------------------------
DATA16_AN
  Relative segment, address: 0066 - 0066 (0x1 bytes), align: 0
  Segment part 9. ROOT.       Intra module refs:   USCI0RX_ISR
           ENTRY                   ADDRESS         REF BY
           =====                   =======         ======
           _A_UCA0RXBUF            0066 
           LOCAL                   ADDRESS         
           =====                   =======         
           UCA0RXBUF               0066 
           UCA0RXBUF__SPI          0066 
    -------------------------------------------------------------------------
DATA16_AN
  Relative segment, address: 0067 - 0067 (0x1 bytes), align: 0
  Segment part 10. ROOT.
           ENTRY                   ADDRESS         REF BY
           =====                   =======         ======
           _A_UCA0TXBUF            0067 
           LOCAL                   ADDRESS         
           =====                   =======         
           UCA0TXBUF               0067 
           UCA0TXBUF__SPI          0067 
    -------------------------------------------------------------------------
DATA16_Z
  Relative segment, address: 0202 - 0203 (0x2 bytes), align: 1
  Segment part 14.            Intra module refs:   USCI0RX_ISR
           ENTRY                   ADDRESS         REF BY
           =====                   =======         ======
           rx_flag                 0202 
    -------------------------------------------------------------------------
DATA16_Z
  Relative segment, address: 03FF - 03FF (0x1 bytes), align: 0
  Segment part 15.            Intra module refs:   USCI0RX_ISR
           ENTRY                   ADDRESS         REF BY
           =====                   =======         ======
           rx_char                 03FF 
    -------------------------------------------------------------------------
<CODE> 1 (was CODE)
  Relative segment, address: 2412 - 241D (0xc bytes), align: 1
  Segment part 17.            Intra module refs:   USCI0RX_ISR::??INTVEC 14
           ENTRY                   ADDRESS         REF BY
           =====                   =======         ======
           USCI0RX_ISR             2412 
               interrupt function
               CSTACK = 00000000 ( 00000004 )
    -------------------------------------------------------------------------
<CODE> 1 (was CODE)
  Relative segment, address: 246C - 246D (0x2 bytes), align: 1
  Segment part 16.            Intra module refs:   WDT_ISR::??INTVEC 20
           ENTRY                   ADDRESS         REF BY
           =====                   =======         ======
           WDT_ISR                 246C 
               interrupt function
               CSTACK = 00000000 ( 00000004 )
    -------------------------------------------------------------------------
INTVEC
  Common segment, address: FFE0 - FFEF (0x10 bytes), align: 1
  Segment part 11. ROOT.
           ENTRY                   ADDRESS         REF BY
           =====                   =======         ======
           USCI0RX_ISR::??INTVEC 14
                                   FFEE 
    -------------------------------------------------------------------------
INTVEC
  Common segment, address: FFE0 - FFF5 (0x16 bytes), align: 1
  Segment part 12. ROOT.
           ENTRY                   ADDRESS         REF BY
           =====                   =======         ======
           WDT_ISR::??INTVEC 20    FFF4 

    *************************************************************************

  FILE NAME : C:\_Users\Sebastien\Etudes\EcoleDing-ESIGELEC\2A\DominantesSEI\Appli_uP\MSP430169LCD\09_tlcmdBltth\Debug\Obj\utils.r43
  PROGRAM MODULE, NAME : utils

  SEGMENTS IN THE MODULE
  ======================
DATA16_C
  Relative segment, address: 1308 - 1318 (0x11 bytes), align: 0
  Segment part 2.             Intra module refs:   itoa
    -------------------------------------------------------------------------
<CODE> 1 (was CODE)
  Relative segment, address: 1E80 - 1EFB (0x7c bytes), align: 1
  Segment part 7.
           ENTRY                   ADDRESS         REF BY
           =====                   =======         ======
           itoa                    1E80            ?Subroutine1 (tlcmdBltth)
               calls direct
               CSTACK = 00000000 ( 0000001C )
    -------------------------------------------------------------------------
<CODE> 1 (was CODE)
  Relative segment, address: 22EA - 22FF (0x16 bytes), align: 1
  Segment part 6.
           ENTRY                   ADDRESS         REF BY
           =====                   =======         ======
           radtoDeg                22EA            tlcmdBltth_go (tlcmdBltth)
               calls direct
               CSTACK = 00000000 ( 00000002 )

    *************************************************************************

  FILE NAME : C:\Program Files\IAR Systems\Embedded Workbench 6.4 Kickstart\430\LIB\DLIB\dl430fn.r43
  LIBRARY MODULE, NAME : ?Mul32fHw

  SEGMENTS IN THE MODULE
  ======================
<CODE> 1 (was CODE)
  Relative segment, address: 15FA - 172B (0x132 bytes), align: 1
  Segment part 0.
           ENTRY                   ADDRESS         REF BY
           =====                   =======         ======
           ?Mul32fHw               15FA            ?Subroutine0 (tlcmdBltth)
                                                   Segment part 3 (?sqrt)
                                                   Segment part 4 (?xatan)
                                                   __iar_Atan (?xatan)
                                                   get_PitchAndRoll (tlcmdBltth)
                                                   radtoDeg (utils)
                                                   sqrt (?sqrt)

    -------------------------------------------------------------------------
  LIBRARY MODULE, NAME : ?__dbg_break

  SEGMENTS IN THE MODULE
  ======================
<CODE> 1 (was CODE)
  Relative segment, address: 246E - 246F (0x2 bytes), align: 1
  Segment part 2.
           ENTRY                   ADDRESS         REF BY
           =====                   =======         ======
           __DebugBreak            246E            __exit (?__exit)

    -------------------------------------------------------------------------
  LIBRARY MODULE, NAME : ?__exit

  SEGMENTS IN THE MODULE
  ======================
<CODE> 1 (was CODE)
  Relative segment, address: 22BE - 22D3 (0x16 bytes), align: 1
  Segment part 2.
           ENTRY                   ADDRESS         REF BY
           =====                   =======         ======
           __exit                  22BE            Segment part 6 (?_exit)
                                                   _exit (?_exit)
               calls direct

    -------------------------------------------------------------------------
  LIBRARY MODULE, NAME : ?atan2

  SEGMENTS IN THE MODULE
  ======================
<CODE> 1 (was CODE)
  Relative segment, address: 1B3A - 1C1B (0xe2 bytes), align: 1
  Segment part 2.
           ENTRY                   ADDRESS         REF BY
           =====                   =======         ======
           atan2                   1B3A            get_PitchAndRoll (tlcmdBltth)
               calls direct
               CSTACK = 00000000 ( 0000000E )
    -------------------------------------------------------------------------
<CODE> 1 (was CODE)
  Relative segment, address: 2434 - 243D (0xa bytes), align: 1
  Segment part 3.             Intra module refs:   atan2
    -------------------------------------------------------------------------
<CODE> 1 (was CODE)
  Relative segment, address: 2300 - 2311 (0x12 bytes), align: 1
  Segment part 4.             Intra module refs:   atan2

    -------------------------------------------------------------------------
  LIBRARY MODULE, NAME : ?_exit

  SEGMENTS IN THE MODULE
  ======================
<CODE> 1 (was CODE)
  Relative segment, address: 2460, align: 1
  Segment part 0.
           ENTRY                   ADDRESS         REF BY
           =====                   =======         ======
           _exit                   2460            exit (?exit)
    -------------------------------------------------------------------------
<CODE> 1 (was CODE)
  Relative segment, address: 2460 - 2463 (0x4 bytes), align: 1
  Segment part 6.             Intra module refs:   _exit

    -------------------------------------------------------------------------
  LIBRARY MODULE, NAME : ?cstart

  SEGMENTS IN THE MODULE
  ======================
CSTACK
  Relative segment, address: 09B0, align: 1
  Segment part 1.
    -------------------------------------------------------------------------
DATA16_Z
  Relative segment, address: 0204, align: 1
  Segment part 2.
    -------------------------------------------------------------------------
DATA16_I
  Relative segment, address: 0200, align: 1
  Segment part 3.
    -------------------------------------------------------------------------
DATA16_ID
  Relative segment, address: 131A, align: 1
  Segment part 4.
    -------------------------------------------------------------------------
CSTART
  Relative segment, address: 131C - 131F (0x4 bytes), align: 1
  Segment part 9.
           ENTRY                   ADDRESS         REF BY
           =====                   =======         ======
           __program_start         131C            ?reset_vector (?reset_vector)
                                                   Absolute parts (?ABS_ENTRY_MOD)
           ?cstart_begin           131C 
    -------------------------------------------------------------------------
CSTART
  Relative segment, address: 1320 - 132B (0xc bytes), align: 1
  Segment part 12.
           ENTRY                   ADDRESS         REF BY
           =====                   =======         ======
           ?cstart_init_zero       1320            LcdMemory (lcd)
                                                   __iar_Errno (?errno)
                                                   rx_char (uart)
                                                   rx_flag (uart)
                                                   screen (tlcmdBltth)
    -------------------------------------------------------------------------
CSTART
  Relative segment, address: 132C - 133B (0x10 bytes), align: 1
  Segment part 13.
           ENTRY                   ADDRESS         REF BY
           =====                   =======         ======
           ?cstart_init_copy       132C            m_dir (jstck)
    -------------------------------------------------------------------------
CSTART
  Relative segment, address: 133C - 1343 (0x8 bytes), align: 1
  Segment part 17.            Intra module refs:   Segment part 9
           ENTRY                   ADDRESS         REF BY
           =====                   =======         ======
           ?cstart_call_main       133C 
           ?cstart_end             1344 

    -------------------------------------------------------------------------
  LIBRARY MODULE, NAME : ?reset_vector

  SEGMENTS IN THE MODULE
  ======================
RESET
  Relative segment, address: FFFE - FFFF (0x2 bytes), align: 1
  Segment part 0.
           ENTRY                   ADDRESS         REF BY
           =====                   =======         ======
           ?reset_vector           FFFE            Segment part 9 (?cstart)

    -------------------------------------------------------------------------
  LIBRARY MODULE, NAME : ?Epilogue

  SEGMENTS IN THE MODULE
  ======================
<CODE> 1 (was CODE)
  Relative segment, address: 2324 - 2335 (0x12 bytes), align: 1
  Segment part 0.
           ENTRY                   ADDRESS         REF BY
           =====                   =======         ======
           ?Epilogue3              232E            lcd_puts (lcd)
           ?Epilogue4              232C            itoa (utils)
           ?Epilogue5              232A            sendCmd (tlcmdBltth)
           ?Epilogue6              2328            __iar_Atan (?xatan)
           ?Epilogue7              2326 
           ?Epilogue8              2324            get_PitchAndRoll (tlcmdBltth)

    -------------------------------------------------------------------------
  LIBRARY MODULE, NAME : ?errno

  SEGMENTS IN THE MODULE
  ======================
DATA16_Z
  Relative segment, address: 0204 - 0205 (0x2 bytes), align: 1
  Segment part 2.
           ENTRY                   ADDRESS         REF BY
           =====                   =======         ======
           __iar_Errno             0204            sqrt (?sqrt)

    -------------------------------------------------------------------------
  LIBRARY MODULE, NAME : ?exit

  SEGMENTS IN THE MODULE
  ======================
<CODE> 1 (was CODE)
  Relative segment, address: 2464 - 2467 (0x4 bytes), align: 1
  Segment part 2.
           ENTRY                   ADDRESS         REF BY
           =====                   =======         ======
           exit                    2464            Segment part 17 (?cstart)
               calls direct
               CSTACK = 00000000 ( 00000002 )

    -------------------------------------------------------------------------
  LIBRARY MODULE, NAME : ?Cast32f32i

  SEGMENTS IN THE MODULE
  ======================
<CODE> 1 (was CODE)
  Relative segment, address: 1DEE - 1E7F (0x92 bytes), align: 1
  Segment part 0.
           ENTRY                   ADDRESS         REF BY
           =====                   =======         ======
           _Cast32sto32f           1DEE            ?Subroutine2 (tlcmdBltth)
           _Cast32uto32f           1E02 

    -------------------------------------------------------------------------
  LIBRARY MODULE, NAME : ?FLT_GE

  SEGMENTS IN THE MODULE
  ======================
<CODE> 1 (was CODE)
  Relative segment, address: 1F6A - 1FBF (0x56 bytes), align: 1
  Segment part 0.
           ENTRY                   ADDRESS         REF BY
           =====                   =======         ======
           ?FLT_GE                 1F6A            _CmpGe32f (_CmpGe32f)

    -------------------------------------------------------------------------
  LIBRARY MODULE, NAME : ?FLT_LT

  SEGMENTS IN THE MODULE
  ======================
<CODE> 1 (was CODE)
  Relative segment, address: 1FC0 - 2011 (0x52 bytes), align: 1
  Segment part 0.
           ENTRY                   ADDRESS         REF BY
           =====                   =======         ======
           ?FLT_LT                 1FC0            _CmpLt32f (_CmpLt32f)

    -------------------------------------------------------------------------
  LIBRARY MODULE, NAME : _CmpGe32f

  SEGMENTS IN THE MODULE
  ======================
<CODE> 1 (was CODE)
  Relative segment, address: 243E - 2447 (0xa bytes), align: 1
  Segment part 0.
           ENTRY                   ADDRESS         REF BY
           =====                   =======         ======
           _CmpGe32f               243E            __iar_Atan (?xatan)

    -------------------------------------------------------------------------
  LIBRARY MODULE, NAME : _CmpLt32f

  SEGMENTS IN THE MODULE
  ======================
<CODE> 1 (was CODE)
  Relative segment, address: 242A - 2433 (0xa bytes), align: 1
  Segment part 0.
           ENTRY                   ADDRESS         REF BY
           =====                   =======         ======
           _CmpLt32f               242A            __iar_Atan (?xatan)
                                                   atan2 (?atan2)

    -------------------------------------------------------------------------
  LIBRARY MODULE, NAME : _Div32f

  SEGMENTS IN THE MODULE
  ======================
<CODE> 1 (was CODE)
  Relative segment, address: 172C - 185B (0x130 bytes), align: 1
  Segment part 0.
           ENTRY                   ADDRESS         REF BY
           =====                   =======         ======
           _Div32f                 172C            Segment part 4 (?sqrt)
                                                   __iar_Atan (?xatan)
                                                   atan2 (?atan2)
                                                   get_PitchAndRoll (tlcmdBltth)
                                                   radtoDeg (utils)

    -------------------------------------------------------------------------
  LIBRARY MODULE, NAME : _Add32f

  SEGMENTS IN THE MODULE
  ======================
<CODE> 1 (was CODE)
  Relative segment, address: 1344 - 14A5 (0x162 bytes), align: 1
  Segment part 0.
           ENTRY                   ADDRESS         REF BY
           =====                   =======         ======
           _Add32f                 1348            ?Subroutine0 (tlcmdBltth)
                                                   Segment part 4 (?sqrt)
                                                   __iar_Atan (?xatan)
                                                   get_PitchAndRoll (tlcmdBltth)
                                                   sqrt (?sqrt)
           _Sub32f                 1344 

    -------------------------------------------------------------------------
  LIBRARY MODULE, NAME : ?DivMod816u

  SEGMENTS IN THE MODULE
  ======================
<CODE> 1 (was CODE)
  Relative segment, address: 221C - 2237 (0x1c bytes), align: 1
  Segment part 0.
           ENTRY                   ADDRESS         REF BY
           =====                   =======         ======
           ?DivMod8u               221C 
           ?DivMod16u              2220            Segment part 0 (?DivMod816s)

    -------------------------------------------------------------------------
  LIBRARY MODULE, NAME : ?DivMod816s

  SEGMENTS IN THE MODULE
  ======================
<CODE> 1 (was CODE)
  Relative segment, address: 20E0 - 2113 (0x34 bytes), align: 1
  Segment part 0.
           ENTRY                   ADDRESS         REF BY
           =====                   =======         ======
           ?DivMod8s               20E0 
           ?DivMod16s              20E4            itoa (utils)
                                                   lcd_putc (lcd)
                                                   sqrt (?sqrt)

    -------------------------------------------------------------------------
  LIBRARY MODULE, NAME : ?ShiftLeft16_n

  SEGMENTS IN THE MODULE
  ======================
<CODE> 1 (was CODE)
  Relative segment, address: 23AE - 23BD (0x10 bytes), align: 1
  Segment part 0.
           ENTRY                   ADDRESS         REF BY
           =====                   =======         ======
           ?ShiftLeft16_7          23AE            __iar_Dscale (?xdscale)
           ?ShiftLeft16_6          23B0 
           ?ShiftLeft16_5          23B2 
           ?ShiftLeft16_4          23B4 
           ?ShiftLeft16_3          23B6 

    -------------------------------------------------------------------------
  LIBRARY MODULE, NAME : ?ShiftRight16u_n

  SEGMENTS IN THE MODULE
  ======================
<CODE> 1 (was CODE)
  Relative segment, address: 228C - 228F (0x4 bytes), align: 1
  Segment part 0.
           ENTRY                   ADDRESS         REF BY
           =====                   =======         ======
           ?ShiftRight16u_7        228C            __iar_Dscale (?xdscale)
                                                   __iar_Dtest (?xdtest)
                                                   __iar_Dunscale (?xdunscal)
    -------------------------------------------------------------------------
<CODE> 1 (was CODE)
  Relative segment, address: 2290 - 2293 (0x4 bytes), align: 1
  Segment part 1.             Intra module refs:   ?ShiftRight16u_7
           ENTRY                   ADDRESS         REF BY
           =====                   =======         ======
           ?ShiftRight16u_6        2290 
    -------------------------------------------------------------------------
<CODE> 1 (was CODE)
  Relative segment, address: 2294 - 2297 (0x4 bytes), align: 1
  Segment part 2.             Intra module refs:   ?ShiftRight16u_6
           ENTRY                   ADDRESS         REF BY
           =====                   =======         ======
           ?ShiftRight16u_5        2294 
    -------------------------------------------------------------------------
<CODE> 1 (was CODE)
  Relative segment, address: 2298 - 229B (0x4 bytes), align: 1
  Segment part 3.             Intra module refs:   ?ShiftRight16u_5
           ENTRY                   ADDRESS         REF BY
           =====                   =======         ======
           ?ShiftRight16u_4        2298 
    -------------------------------------------------------------------------
<CODE> 1 (was CODE)
  Relative segment, address: 229C - 22A5 (0xa bytes), align: 1
  Segment part 4.             Intra module refs:   ?ShiftRight16u_4
           ENTRY                   ADDRESS         REF BY
           =====                   =======         ======
           ?ShiftRight16u_3        229C 

    -------------------------------------------------------------------------
  LIBRARY MODULE, NAME : ?memcpy

  SEGMENTS IN THE MODULE
  ======================
<CODE> 1 (was CODE)
  Relative segment, address: 235A - 236B (0x12 bytes), align: 1
  Segment part 2.
           ENTRY                   ADDRESS         REF BY
           =====                   =======         ======
           memcpy                  235A            __data16_memcpy (?memzero)
               CSTACK = 00000000 ( 00000002 )

    -------------------------------------------------------------------------
  LIBRARY MODULE, NAME : ?CopyMemoryBytes

  SEGMENTS IN THE MODULE
  ======================
<CODE> 1 (was CODE)
  Relative segment, address: 238E - 239D (0x10 bytes), align: 1
  Segment part 0.
           ENTRY                   ADDRESS         REF BY
           =====                   =======         ======
           ?CopyMemoryBytes        238E            itoa (utils)

    -------------------------------------------------------------------------
  LIBRARY MODULE, NAME : ?memset

  SEGMENTS IN THE MODULE
  ======================
<CODE> 1 (was CODE)
  Relative segment, address: 2348 - 2359 (0x12 bytes), align: 1
  Segment part 2.
           ENTRY                   ADDRESS         REF BY
           =====                   =======         ======
           memset                  2348            itoa (utils)
                                                   sendCmd (tlcmdBltth)
               CSTACK = 00000000 ( 00000002 )

    -------------------------------------------------------------------------
  LIBRARY MODULE, NAME : ?memzero

  SEGMENTS IN THE MODULE
  ======================
<CODE> 1 (was CODE)
  Relative segment, address: 2336 - 2347 (0x12 bytes), align: 1
  Segment part 4.
           ENTRY                   ADDRESS         REF BY
           =====                   =======         ======
           __data16_memzero        2336            ?cstart_init_zero (?cstart)
               CSTACK = 00000000 ( 00000002 )
    -------------------------------------------------------------------------
<CODE> 1 (was CODE)
  Relative segment, address: 2468 - 246B (0x4 bytes), align: 1
  Segment part 3.
           ENTRY                   ADDRESS         REF BY
           =====                   =======         ======
           __data16_memcpy         2468            ?cstart_init_copy (?cstart)
               calls direct
               CSTACK = 00000000 ( 00000002 )

    -------------------------------------------------------------------------
  LIBRARY MODULE, NAME : ?sqrt

  SEGMENTS IN THE MODULE
  ======================
<CODE> 1 (was CODE)
  Relative segment, address: 185C - 195B (0x100 bytes), align: 1
  Segment part 2.
           ENTRY                   ADDRESS         REF BY
           =====                   =======         ======
           sqrt                    185C            get_PitchAndRoll (tlcmdBltth)
               calls direct
               CSTACK = 00000000 ( 00000010 )
    -------------------------------------------------------------------------
<CODE> 1 (was CODE)
  Relative segment, address: 2406 - 2411 (0xc bytes), align: 1
  Segment part 3.             Intra module refs:   sqrt
    -------------------------------------------------------------------------
<CODE> 1 (was CODE)
  Relative segment, address: 2270 - 228B (0x1c bytes), align: 1
  Segment part 4.             Intra module refs:   sqrt

    -------------------------------------------------------------------------
  LIBRARY MODULE, NAME : ?strcat

  SEGMENTS IN THE MODULE
  ======================
<CODE> 1 (was CODE)
  Relative segment, address: 22A6 - 22BD (0x18 bytes), align: 1
  Segment part 2.
           ENTRY                   ADDRESS         REF BY
           =====                   =======         ======
           strcat                  22A6            ?Subroutine1 (tlcmdBltth)
                                                   sendCmd (tlcmdBltth)
               CSTACK = 00000000 ( 00000002 )

    -------------------------------------------------------------------------
  LIBRARY MODULE, NAME : ?strcpy

  SEGMENTS IN THE MODULE
  ======================
<CODE> 1 (was CODE)
  Relative segment, address: 239E - 23AD (0x10 bytes), align: 1
  Segment part 2.
           ENTRY                   ADDRESS         REF BY
           =====                   =======         ======
           strcpy                  239E            sendCmd (tlcmdBltth)
               CSTACK = 00000000 ( 00000002 )

    -------------------------------------------------------------------------
  LIBRARY MODULE, NAME : ?xatan

  SEGMENTS IN THE MODULE
  ======================
DATA16_C
  Relative segment, address: 1100 - 111F (0x20 bytes), align: 1
  Segment part 2.             Intra module refs:   __iar_Atan
    -------------------------------------------------------------------------
<CODE> 1 (was CODE)
  Relative segment, address: 14A6 - 15F9 (0x154 bytes), align: 1
  Segment part 3.
           ENTRY                   ADDRESS         REF BY
           =====                   =======         ======
           __iar_Atan              14A6            atan2 (?atan2)
               calls direct
               CSTACK = 00000000 ( 00000018 )
    -------------------------------------------------------------------------
<CODE> 1 (was CODE)
  Relative segment, address: 2448 - 244F (0x8 bytes), align: 1
  Segment part 4.             Intra module refs:   __iar_Atan

    -------------------------------------------------------------------------
  LIBRARY MODULE, NAME : ?xdscale

  SEGMENTS IN THE MODULE
  ======================
<CODE> 1 (was CODE)
  Relative segment, address: 1CC2 - 1D5B (0x9a bytes), align: 1
  Segment part 2.
           ENTRY                   ADDRESS         REF BY
           =====                   =======         ======
           __iar_Dscale            1CC2            sqrt (?sqrt)
               CSTACK = 00000000 ( 00000006 )

    -------------------------------------------------------------------------
  LIBRARY MODULE, NAME : ?xdtest

  SEGMENTS IN THE MODULE
  ======================
<CODE> 1 (was CODE)
  Relative segment, address: 2190 - 21B3 (0x24 bytes), align: 1
  Segment part 2.
           ENTRY                   ADDRESS         REF BY
           =====                   =======         ======
           __iar_Dtest             2190            atan2 (?atan2)
               CSTACK = 00000000 ( 00000002 )

    -------------------------------------------------------------------------
  LIBRARY MODULE, NAME : ?xdunscal

  SEGMENTS IN THE MODULE
  ======================
<CODE> 1 (was CODE)
  Relative segment, address: 2012 - 205D (0x4c bytes), align: 1
  Segment part 2.
           ENTRY                   ADDRESS         REF BY
           =====                   =======         ======
           __iar_Dunscale          2012            sqrt (?sqrt)
               CSTACK = 00000000 ( 00000002 )




                ****************************************
                *                                      *
                *      SEGMENTS IN ADDRESS ORDER       *
                *                                      *
                ****************************************


SEGMENT              SPACE    START ADDRESS   END ADDRESS     SIZE  TYPE  ALIGN
=======              =====    =============   ===========     ====  ====  =====
DATA16_AN                              0001 - 0001               1   rel    0
                                       0004 - 0005               2 
                                       0019 - 001B               3 
                                       0021 - 0026               6 
                                       002A - 002E               5 
                                       0031 - 0032               2 
                                       0041 - 0041               1 
                                       0056 - 0058               3 
                                       0060 - 0063               4 
                                       0065 - 0067               3 
                                       0070 - 0071               2 
                                       0073 - 0077               5 
                                       0080 - 0080               1 
                                       0120 - 0121               2 
                                       0140 - 0141               2 
                                       01A0 - 01A5               6 
DATA16_I                               0200 - 0200               1   rel    1
DATA16_Z                               0202 - 03FF             1FE   rel    1
CSTACK                                 09B0 - 09FF              50   rel    1
DATA16_C                               1100 - 1318             219   rel    1
DATA16_ID                              131A - 131A               1   rel    1
CSTART                                 131C - 1343              28   rel    1
<CODE> 1                               1344 - 246F            112C   rel    1
INTVEC                                 FFE0 - FFF5              16   com    1
RESET                                  FFFE - FFFF               2   rel    1

                ****************************************
                *                                      *
                *        END OF CROSS REFERENCE        *
                *                                      *
                ****************************************

 4 460 bytes of CODE  memory
   591 bytes of DATA  memory (+ 48 absolute )
   538 bytes of CONST memory

Errors: none
Warnings: none

