################################################################################
#                                                                              #
#      IAR Universal Linker V5.3.2.26                                          #
#                                                                              #
#           Link time     =  31/Mar/2013  16:26:10                             #
#           Target CPU    =  MSP430                                            #
#           List file     =  C:\_Users\Sebastien\Etudes\EcoleDing-ESIGELEC\2A\ #
#                            DominantesSEI\Appli_uP\MSP430G2553\RobotBluetooth #
#                            \Debug\List\RobotBluetooth.map                    #
#           Output file 1 =  C:\_Users\Sebastien\Etudes\EcoleDing-ESIGELEC\2A\ #
#                            DominantesSEI\Appli_uP\MSP430G2553\RobotBluetooth #
#                            \Debug\Exe\RobotBluetooth.d43                     #
#                            Format: debug                                     #
#                            UBROF version 10.0.6                              #
#                            Using library modules for C-SPY (-rt)             #
#           Command line  =  C:\_Users\Sebastien\Etudes\EcoleDing-ESIGELEC\2A\ #
#                            DominantesSEI\Appli_uP\MSP430G2553\RobotBluetooth #
#                            \Debug\Obj\led.r43                                #
#                            C:\_Users\Sebastien\Etudes\EcoleDing-ESIGELEC\2A\ #
#                            DominantesSEI\Appli_uP\MSP430G2553\RobotBluetooth #
#                            \Debug\Obj\main.r43                               #
#                            C:\_Users\Sebastien\Etudes\EcoleDing-ESIGELEC\2A\ #
#                            DominantesSEI\Appli_uP\MSP430G2553\RobotBluetooth #
#                            \Debug\Obj\system.r43                             #
#                            C:\_Users\Sebastien\Etudes\EcoleDing-ESIGELEC\2A\ #
#                            DominantesSEI\Appli_uP\MSP430G2553\RobotBluetooth #
#                            \Debug\Obj\uart.r43                               #
#                            -o                                                #
#                            C:\_Users\Sebastien\Etudes\EcoleDing-ESIGELEC\2A\ #
#                            DominantesSEI\Appli_uP\MSP430G2553\RobotBluetooth #
#                            \Debug\Exe\RobotBluetooth.d43                     #
#                            -l                                                #
#                            C:\_Users\Sebastien\Etudes\EcoleDing-ESIGELEC\2A\ #
#                            DominantesSEI\Appli_uP\MSP430G2553\RobotBluetooth #
#                            \Debug\List\RobotBluetooth.map                    #
#                            -xms                                              #
#                            "-IC:\Program Files\IAR Systems\Embedded Workbenc #
#                            h 6.4 Kickstart\430\LIB\"                         #
#                            -f                                                #
#                            "C:\Program Files\IAR Systems\Embedded Workbench  #
#                            6.4 Kickstart\430\CONFIG\lnk430G2553.xcl"         #
#                            (-cmsp430 -QCODE_I=CODE_ID                        #
#                            -Z(DATA)DATA16_I,DATA16_Z,DATA16_N,TLS16_I,DATA16 #
#                            _HEAP+_DATA16_HEAP_SIZE=0200-03FF                 #
#                            -Z(DATA)CODE_I -Z(DATA)CSTACK+_STACK_SIZE#        #
#                            -Z(CONST)INFO=1000-10FF                           #
#                            -Z(CONST)INFOA=10C0-10FF                          #
#                            -Z(CONST)INFOB=1080-10BF                          #
#                            -Z(CONST)INFOC=1040-107F                          #
#                            -Z(CONST)INFOD=1000-103F                          #
#                            -Z(CONST)DATA16_C,DATA16_ID,TLS16_ID,DIFUNCT,CHEC #
#                            KSUM=C000-FFDF                                    #
#                            -Z(CODE)CSTART,ISR_CODE,CODE_ID=C000-FFDF         #
#                            -P(CODE)CODE=C000-FFDF -Z(CODE)INTVEC=FFE0-FFFF   #
#                            -Z(CODE)RESET=FFFE-FFFF) -D_STACK_SIZE=50 -rt     #
#                            "C:\Program Files\IAR Systems\Embedded Workbench  #
#                            6.4 Kickstart\430\LIB\DLIB\dl430fn.r43"           #
#                            -e_PrintfLarge=_Printf -e_ScanfLarge=_Scanf       #
#                            -D_DATA16_HEAP_SIZE=50 -s __program_start         #
#                            -D_DATA20_HEAP_SIZE=50                            #
#                                                                              #
#                           Copyright (C) 1987-2012 IAR Systems AB.            #
################################################################################





                ****************************************
                *                                      *
                *           CROSS REFERENCE            *
                *                                      *
                ****************************************

       Program entry at :           C000  Relocatable, from module : ?cstart




                ****************************************
                *                                      *
                *            RUNTIME MODEL             *
                *                                      *
                ****************************************

  __Heap_Handler             = Basic
  __SystemLibrary            = DLib
  __core                     = 430
  __dlib_file_descriptor     = 0
  __dlib_full_locale_support = 0
  __double_size              = 32
  __pic                      = no
  __reg_r4                   = free
  __reg_r5                   = free
  __rt_version               = 3

                ****************************************
                *                                      *
                *    AUTOMATIC SYMBOL REDIRECTIONS     *
                *                                      *
                ****************************************

                  There are no automatic symbol redirections.



                ****************************************
                *                                      *
                *              MODULE MAP              *
                *                                      *
                ****************************************


  DEFINED ABSOLUTE ENTRIES
    *************************************************************************

  DEFINED ABSOLUTE ENTRIES
  PROGRAM MODULE, NAME : ?ABS_ENTRY_MOD

Absolute parts
           ENTRY                   ADDRESS         REF BY
           =====                   =======         ======
           _DATA20_HEAP_SIZE       0050 
           _DATA16_HEAP_SIZE       0050 
           _STACK_SIZE             0050 
    *************************************************************************

  FILE NAME : C:\_Users\Sebastien\Etudes\EcoleDing-ESIGELEC\2A\DominantesSEI\Appli_uP\MSP430G2553\RobotBluetooth\Debug\Obj\led.r43
  PROGRAM MODULE, NAME : led

  SEGMENTS IN THE MODULE
  ======================
DATA16_AN
  Relative segment, address: 0021 - 0021 (0x1 bytes), align: 0
  Segment part 1. ROOT.       Intra module refs:   led_green_toggle
                                                   led_init
                                                   led_red_toggle
           ENTRY                   ADDRESS         REF BY
           =====                   =======         ======
           _A_P1OUT                0021 
           LOCAL                   ADDRESS         
           =====                   =======         
           P1OUT                   0021 
           P1OUT_bit               0021 
    -------------------------------------------------------------------------
DATA16_AN
  Relative segment, address: 0022 - 0022 (0x1 bytes), align: 0
  Segment part 2. ROOT.       Intra module refs:   led_init
           ENTRY                   ADDRESS         REF BY
           =====                   =======         ======
           _A_P1DIR                0022 
           LOCAL                   ADDRESS         
           =====                   =======         
           P1DIR                   0022 
           P1DIR_bit               0022 
    -------------------------------------------------------------------------
<CODE> 1 (was CODE)
  Relative segment, address: C14E - C155 (0x8 bytes), align: 1
  Segment part 9.             Intra module refs:   led_init
           LOCAL                   ADDRESS         
           =====                   =======         
           ?Subroutine0            C14E 
    -------------------------------------------------------------------------
<CODE> 1 (was CODE)
  Relative segment, address: C156 - C161 (0xc bytes), align: 1
  Segment part 11.
           ENTRY                   ADDRESS         REF BY
           =====                   =======         ======
           led_init                C156            main (main)
               CSTACK = 00000000 ( 00000002 )
    -------------------------------------------------------------------------
<CODE> 1 (was CODE)
  Relative segment, address: C1B2 - C1B9 (0x8 bytes), align: 1
  Segment part 7.
           ENTRY                   ADDRESS         REF BY
           =====                   =======         ======
           led_green_toggle        C1B2            parse_cmd (main)
               CSTACK = 00000000 ( 00000002 )
    -------------------------------------------------------------------------
<CODE> 1 (was CODE)
  Relative segment, address: C1BA - C1BF (0x6 bytes), align: 1
  Segment part 4.
           ENTRY                   ADDRESS         REF BY
           =====                   =======         ======
           led_red_toggle          C1BA            parse_cmd (main)
               CSTACK = 00000000 ( 00000002 )

    *************************************************************************

  FILE NAME : C:\_Users\Sebastien\Etudes\EcoleDing-ESIGELEC\2A\DominantesSEI\Appli_uP\MSP430G2553\RobotBluetooth\Debug\Obj\main.r43
  PROGRAM MODULE, NAME : main

  SEGMENTS IN THE MODULE
  ======================
<CODE> 1 (was CODE)
  Relative segment, address: C0E0 - C113 (0x34 bytes), align: 1
  Segment part 3.
           ENTRY                   ADDRESS         REF BY
           =====                   =======         ======
           main                    C0E0            Segment part 17 (?cstart)
               calls direct
               CSTACK = 00000000 ( 00000016 )
    -------------------------------------------------------------------------
<CODE> 1 (was CODE)
  Relative segment, address: C018 - C061 (0x4a bytes), align: 1
  Segment part 2.             Intra module refs:   main
           ENTRY                   ADDRESS         REF BY
           =====                   =======         ======
           parse_cmd               C018 
               calls direct
               CSTACK = 00000000 ( 00000004 )

    *************************************************************************

  FILE NAME : C:\_Users\Sebastien\Etudes\EcoleDing-ESIGELEC\2A\DominantesSEI\Appli_uP\MSP430G2553\RobotBluetooth\Debug\Obj\system.r43
  PROGRAM MODULE, NAME : system

  SEGMENTS IN THE MODULE
  ======================
DATA16_AN
  Relative segment, address: 0056 - 0056 (0x1 bytes), align: 0
  Segment part 1. ROOT.       Intra module refs:   board_init
           ENTRY                   ADDRESS         REF BY
           =====                   =======         ======
           _A_DCOCTL               0056 
           LOCAL                   ADDRESS         
           =====                   =======         
           DCOCTL                  0056 
           DCOCTL_bit              0056 
    -------------------------------------------------------------------------
DATA16_AN
  Relative segment, address: 0057 - 0057 (0x1 bytes), align: 0
  Segment part 2. ROOT.       Intra module refs:   board_init
           ENTRY                   ADDRESS         REF BY
           =====                   =======         ======
           _A_BCSCTL1              0057 
           LOCAL                   ADDRESS         
           =====                   =======         
           BCSCTL1                 0057 
           BCSCTL1_bit             0057 
    -------------------------------------------------------------------------
DATA16_AN
  Relative segment, address: 0120 - 0121 (0x2 bytes), align: 0
  Segment part 3. ROOT.       Intra module refs:   board_init
           ENTRY                   ADDRESS         REF BY
           =====                   =======         ======
           _A_WDTCTL               0120 
           LOCAL                   ADDRESS         
           =====                   =======         
           WDTCTL                  0120 
           WDTCTL_bit              0120 
    -------------------------------------------------------------------------
DATA16_AN
  Relative segment, address: 10FE - 10FE (0x1 bytes), align: 0
  Segment part 4. ROOT.       Intra module refs:   board_init
           ENTRY                   ADDRESS         REF BY
           =====                   =======         ======
           CALDCO_1MHZ             10FE 
    -------------------------------------------------------------------------
DATA16_AN
  Relative segment, address: 10FF - 10FF (0x1 bytes), align: 0
  Segment part 5. ROOT.       Intra module refs:   board_init
           ENTRY                   ADDRESS         REF BY
           =====                   =======         ======
           CALBC1_1MHZ             10FF 
    -------------------------------------------------------------------------
<CODE> 1 (was CODE)
  Relative segment, address: C114 - C137 (0x24 bytes), align: 1
  Segment part 8.
           ENTRY                   ADDRESS         REF BY
           =====                   =======         ======
           board_init              C114            main (main)
               CSTACK = 00000000 ( 00000002 )

    *************************************************************************

  FILE NAME : C:\_Users\Sebastien\Etudes\EcoleDing-ESIGELEC\2A\DominantesSEI\Appli_uP\MSP430G2553\RobotBluetooth\Debug\Obj\uart.r43
  PROGRAM MODULE, NAME : uart

  SEGMENTS IN THE MODULE
  ======================
DATA16_AN
  Relative segment, address: 0001 - 0001 (0x1 bytes), align: 0
  Segment part 1. ROOT.       Intra module refs:   USCI0TX_ISR
                                                   uart_init
           ENTRY                   ADDRESS         REF BY
           =====                   =======         ======
           _A_IE2                  0001 
           LOCAL                   ADDRESS         
           =====                   =======         
           IE2                     0001 
           IE2_bit                 0001 
    -------------------------------------------------------------------------
DATA16_AN
  Relative segment, address: 0026 - 0026 (0x1 bytes), align: 0
  Segment part 2. ROOT.       Intra module refs:   uart_init
           ENTRY                   ADDRESS         REF BY
           =====                   =======         ======
           _A_P1SEL                0026 
           LOCAL                   ADDRESS         
           =====                   =======         
           P1SEL                   0026 
           P1SEL_bit               0026 
    -------------------------------------------------------------------------
DATA16_AN
  Relative segment, address: 0041 - 0041 (0x1 bytes), align: 0
  Segment part 3. ROOT.       Intra module refs:   uart_init
           ENTRY                   ADDRESS         REF BY
           =====                   =======         ======
           _A_P1SEL2               0041 
           LOCAL                   ADDRESS         
           =====                   =======         
           P1SEL2                  0041 
           P1SEL2_bit              0041 
    -------------------------------------------------------------------------
DATA16_AN
  Relative segment, address: 0060 - 0060 (0x1 bytes), align: 0
  Segment part 4. ROOT.       Intra module refs:   uart_init
           ENTRY                   ADDRESS         REF BY
           =====                   =======         ======
           _A_UCA0CTL0             0060 
           LOCAL                   ADDRESS         
           =====                   =======         
           UCA0CTL0                0060 
           UCA0CTL0__SPI           0060 
           UCA0CTL0__SPI_bit       0060 
           UCA0CTL0_bit            0060 
    -------------------------------------------------------------------------
DATA16_AN
  Relative segment, address: 0061 - 0061 (0x1 bytes), align: 0
  Segment part 5. ROOT.       Intra module refs:   uart_init
           ENTRY                   ADDRESS         REF BY
           =====                   =======         ======
           _A_UCA0CTL1             0061 
           LOCAL                   ADDRESS         
           =====                   =======         
           UCA0CTL1                0061 
           UCA0CTL1__SPI           0061 
           UCA0CTL1__SPI_bit       0061 
           UCA0CTL1_bit            0061 
    -------------------------------------------------------------------------
DATA16_AN
  Relative segment, address: 0062 - 0062 (0x1 bytes), align: 0
  Segment part 6. ROOT.       Intra module refs:   uart_init
           ENTRY                   ADDRESS         REF BY
           =====                   =======         ======
           _A_UCA0BR0              0062 
           LOCAL                   ADDRESS         
           =====                   =======         
           UCA0BR0                 0062 
           UCA0BR0__SPI            0062 
    -------------------------------------------------------------------------
DATA16_AN
  Relative segment, address: 0063 - 0063 (0x1 bytes), align: 0
  Segment part 7. ROOT.       Intra module refs:   uart_init
           ENTRY                   ADDRESS         REF BY
           =====                   =======         ======
           _A_UCA0BR1              0063 
           LOCAL                   ADDRESS         
           =====                   =======         
           UCA0BR1                 0063 
           UCA0BR1__SPI            0063 
    -------------------------------------------------------------------------
DATA16_AN
  Relative segment, address: 0065 - 0065 (0x1 bytes), align: 0
  Segment part 8. ROOT.
           ENTRY                   ADDRESS         REF BY
           =====                   =======         ======
           _A_UCA0STAT             0065 
           LOCAL                   ADDRESS         
           =====                   =======         
           UCA0STAT                0065 
           UCA0STAT__SPI           0065 
           UCA0STAT__SPI_bit       0065 
           UCA0STAT_bit            0065 
    -------------------------------------------------------------------------
DATA16_AN
  Relative segment, address: 0066 - 0066 (0x1 bytes), align: 0
  Segment part 9. ROOT.       Intra module refs:   USCI0RX_ISR
           ENTRY                   ADDRESS         REF BY
           =====                   =======         ======
           _A_UCA0RXBUF            0066 
           LOCAL                   ADDRESS         
           =====                   =======         
           UCA0RXBUF               0066 
           UCA0RXBUF__SPI          0066 
    -------------------------------------------------------------------------
DATA16_AN
  Relative segment, address: 0067 - 0067 (0x1 bytes), align: 0
  Segment part 10. ROOT.      Intra module refs:   USCI0TX_ISR
           ENTRY                   ADDRESS         REF BY
           =====                   =======         ======
           _A_UCA0TXBUF            0067 
           LOCAL                   ADDRESS         
           =====                   =======         
           UCA0TXBUF               0067 
           UCA0TXBUF__SPI          0067 
    -------------------------------------------------------------------------
DATA16_Z
  Relative segment, address: 0200 - 0201 (0x2 bytes), align: 1
  Segment part 14.            Intra module refs:   USCI0TX_ISR
                                                   uart_init
           ENTRY                   ADDRESS         REF BY
           =====                   =======         ======
           tx_flag                 0200 
    -------------------------------------------------------------------------
DATA16_Z
  Relative segment, address: 0204 - 0204 (0x1 bytes), align: 0
  Segment part 15.            Intra module refs:   USCI0TX_ISR
           ENTRY                   ADDRESS         REF BY
           =====                   =======         ======
           tx_char                 0204 
    -------------------------------------------------------------------------
DATA16_Z
  Relative segment, address: 0202 - 0203 (0x2 bytes), align: 1
  Segment part 16.            Intra module refs:   USCI0RX_ISR
                                                   uart_getc
                                                   uart_init
           ENTRY                   ADDRESS         REF BY
           =====                   =======         ======
           rx_flag                 0202 
    -------------------------------------------------------------------------
DATA16_Z
  Relative segment, address: 0205 - 0205 (0x1 bytes), align: 0
  Segment part 17.            Intra module refs:   USCI0RX_ISR
                                                   uart_getc
           ENTRY                   ADDRESS         REF BY
           =====                   =======         ======
           rx_char                 0205 
    -------------------------------------------------------------------------
<CODE> 1 (was CODE)
  Relative segment, address: C062 - C0A5 (0x44 bytes), align: 1
  Segment part 25.
           ENTRY                   ADDRESS         REF BY
           =====                   =======         ======
           uart_init               C062            main (main)
               CSTACK = 00000000 ( 00000002 )
    -------------------------------------------------------------------------
<CODE> 1 (was CODE)
  Relative segment, address: C196 - C1A5 (0x10 bytes), align: 1
  Segment part 20.            Intra module refs:   uart_gets_until
           ENTRY                   ADDRESS         REF BY
           =====                   =======         ======
           uart_getc               C196 
               CSTACK = 00000000 ( 00000002 )
    -------------------------------------------------------------------------
<CODE> 1 (was CODE)
  Relative segment, address: C0A6 - C0DF (0x3a bytes), align: 1
  Segment part 21.
           ENTRY                   ADDRESS         REF BY
           =====                   =======         ======
           uart_gets_until         C0A6            main (main)
               calls direct
               CSTACK = 00000000 ( 00000008 )
    -------------------------------------------------------------------------
<CODE> 1 (was CODE)
  Relative segment, address: C186 - C195 (0x10 bytes), align: 1
  Segment part 19.            Intra module refs:   USCI0TX_ISR::??INTVEC 12
           ENTRY                   ADDRESS         REF BY
           =====                   =======         ======
           USCI0TX_ISR             C186 
               interrupt function
               CSTACK = 00000000 ( 00000004 )
    -------------------------------------------------------------------------
<CODE> 1 (was CODE)
  Relative segment, address: C1A6 - C1B1 (0xc bytes), align: 1
  Segment part 18.            Intra module refs:   USCI0RX_ISR::??INTVEC 14
           ENTRY                   ADDRESS         REF BY
           =====                   =======         ======
           USCI0RX_ISR             C1A6 
               interrupt function
               CSTACK = 00000000 ( 00000004 )
    -------------------------------------------------------------------------
INTVEC
  Common segment, address: FFE0 - FFED (0xe bytes), align: 1
  Segment part 11. ROOT.
           ENTRY                   ADDRESS         REF BY
           =====                   =======         ======
           USCI0TX_ISR::??INTVEC 12
                                   FFEC 
    -------------------------------------------------------------------------
INTVEC
  Common segment, address: FFE0 - FFEF (0x10 bytes), align: 1
  Segment part 12. ROOT.
           ENTRY                   ADDRESS         REF BY
           =====                   =======         ======
           USCI0RX_ISR::??INTVEC 14
                                   FFEE 

    *************************************************************************

  FILE NAME : C:\Program Files\IAR Systems\Embedded Workbench 6.4 Kickstart\430\LIB\DLIB\dl430fn.r43
  LIBRARY MODULE, NAME : ?__dbg_break

  SEGMENTS IN THE MODULE
  ======================
<CODE> 1 (was CODE)
  Relative segment, address: C1C8 - C1C9 (0x2 bytes), align: 1
  Segment part 2.
           ENTRY                   ADDRESS         REF BY
           =====                   =======         ======
           __DebugBreak            C1C8            __exit (?__exit)

    -------------------------------------------------------------------------
  LIBRARY MODULE, NAME : ?__exit

  SEGMENTS IN THE MODULE
  ======================
<CODE> 1 (was CODE)
  Relative segment, address: C138 - C14D (0x16 bytes), align: 1
  Segment part 2.
           ENTRY                   ADDRESS         REF BY
           =====                   =======         ======
           __exit                  C138            Segment part 6 (?_exit)
                                                   _exit (?_exit)
               calls direct

    -------------------------------------------------------------------------
  LIBRARY MODULE, NAME : ?_exit

  SEGMENTS IN THE MODULE
  ======================
<CODE> 1 (was CODE)
  Relative segment, address: C1C4, align: 1
  Segment part 0.
           ENTRY                   ADDRESS         REF BY
           =====                   =======         ======
           _exit                   C1C4            exit (?exit)
    -------------------------------------------------------------------------
<CODE> 1 (was CODE)
  Relative segment, address: C1C4 - C1C7 (0x4 bytes), align: 1
  Segment part 6.             Intra module refs:   _exit

    -------------------------------------------------------------------------
  LIBRARY MODULE, NAME : ?cstart

  SEGMENTS IN THE MODULE
  ======================
CSTACK
  Relative segment, address: 03B0, align: 1
  Segment part 1.
    -------------------------------------------------------------------------
DATA16_Z
  Relative segment, address: 0204, align: 1
  Segment part 2.
    -------------------------------------------------------------------------
CSTART
  Relative segment, address: C000 - C003 (0x4 bytes), align: 1
  Segment part 9.
           ENTRY                   ADDRESS         REF BY
           =====                   =======         ======
           __program_start         C000            ?reset_vector (?reset_vector)
                                                   Absolute parts (?ABS_ENTRY_MOD)
           ?cstart_begin           C000 
    -------------------------------------------------------------------------
CSTART
  Relative segment, address: C004 - C00F (0xc bytes), align: 1
  Segment part 12.
           ENTRY                   ADDRESS         REF BY
           =====                   =======         ======
           ?cstart_init_zero       C004            rx_char (uart)
                                                   rx_flag (uart)
                                                   tx_char (uart)
                                                   tx_flag (uart)
    -------------------------------------------------------------------------
CSTART
  Relative segment, address: C010 - C017 (0x8 bytes), align: 1
  Segment part 17.            Intra module refs:   Segment part 9
           ENTRY                   ADDRESS         REF BY
           =====                   =======         ======
           ?cstart_call_main       C010 
           ?cstart_end             C018 

    -------------------------------------------------------------------------
  LIBRARY MODULE, NAME : ?reset_vector

  SEGMENTS IN THE MODULE
  ======================
RESET
  Relative segment, address: FFFE - FFFF (0x2 bytes), align: 1
  Segment part 0.
           ENTRY                   ADDRESS         REF BY
           =====                   =======         ======
           ?reset_vector           FFFE            Segment part 9 (?cstart)

    -------------------------------------------------------------------------
  LIBRARY MODULE, NAME : ?Epilogue

  SEGMENTS IN THE MODULE
  ======================
<CODE> 1 (was CODE)
  Relative segment, address: C162 - C173 (0x12 bytes), align: 1
  Segment part 0.
           ENTRY                   ADDRESS         REF BY
           =====                   =======         ======
           ?Epilogue3              C16C            uart_gets_until (uart)
           ?Epilogue4              C16A 
           ?Epilogue5              C168 
           ?Epilogue6              C166 
           ?Epilogue7              C164 
           ?Epilogue8              C162 

    -------------------------------------------------------------------------
  LIBRARY MODULE, NAME : ?exit

  SEGMENTS IN THE MODULE
  ======================
<CODE> 1 (was CODE)
  Relative segment, address: C1C0 - C1C3 (0x4 bytes), align: 1
  Segment part 2.
           ENTRY                   ADDRESS         REF BY
           =====                   =======         ======
           exit                    C1C0            Segment part 17 (?cstart)
               calls direct
               CSTACK = 00000000 ( 00000002 )

    -------------------------------------------------------------------------
  LIBRARY MODULE, NAME : ?memzero

  SEGMENTS IN THE MODULE
  ======================
<CODE> 1 (was CODE)
  Relative segment, address: C174 - C185 (0x12 bytes), align: 1
  Segment part 4.
           ENTRY                   ADDRESS         REF BY
           =====                   =======         ======
           __data16_memzero        C174            ?cstart_init_zero (?cstart)
               CSTACK = 00000000 ( 00000002 )




                ****************************************
                *                                      *
                *      SEGMENTS IN ADDRESS ORDER       *
                *                                      *
                ****************************************


SEGMENT              SPACE    START ADDRESS   END ADDRESS     SIZE  TYPE  ALIGN
=======              =====    =============   ===========     ====  ====  =====
DATA16_AN                              0001 - 0001               1   rel    0
                                       0021 - 0022               2 
                                       0026 - 0026               1 
                                       0041 - 0041               1 
                                       0056 - 0057               2 
                                       0060 - 0063               4 
                                       0065 - 0067               3 
                                       0120 - 0121               2 
DATA16_I                                  0200                       dse    0
DATA16_Z                               0200 - 0205               6   rel    1
CSTACK                                 03B0 - 03FF              50   rel    1
DATA16_AN                              10FE - 10FF               2   rel    0
CSTART                                 C000 - C017              18   rel    1
<CODE> 1                               C018 - C1C9             1B2   rel    1
INTVEC                                 FFE0 - FFEF              10   com    1
RESET                                  FFFE - FFFF               2   rel    1

                ****************************************
                *                                      *
                *        END OF CROSS REFERENCE        *
                *                                      *
                ****************************************

 476 bytes of CODE memory
  86 bytes of DATA memory (+ 18 absolute )

Errors: none
Warnings: none

